Component: ARM Compiler 5.06 update 4 (build 422) Tool: armlink [4d35d2]

==============================================================================

Section Cross References

    selftest.o(i.ACCELERO_GYRO) refers to stm32f3_discovery_accelerometer.o(i.BSP_ACCELERO_GetXYZ) for BSP_ACCELERO_GetXYZ
    selftest.o(i.ACCELERO_GYRO) refers to stm32f3_discovery_gyroscope.o(i.BSP_GYRO_GetXYZ) for BSP_GYRO_GetXYZ
    selftest.o(i.ACCELERO_GYRO) refers to selftest.o(i.quad) for quad
    selftest.o(i.ACCELERO_GYRO) refers to selftest.o(.bss) for .bss
    selftest.o(i.ACCELERO_GYRO) refers to selftest.o(.data) for .data
    selftest.o(i.HAL_TIM_PeriodElapsedCallback) refers to stm32f3_discovery.o(i.BSP_LED_On) for BSP_LED_On
    selftest.o(i.HAL_TIM_PeriodElapsedCallback) refers to stm32f3_discovery.o(i.BSP_LED_Off) for BSP_LED_Off
    selftest.o(i.HAL_TIM_PeriodElapsedCallback) refers to stm32f3_discovery.o(i.BSP_PB_GetState) for BSP_PB_GetState
    selftest.o(i.HAL_TIM_PeriodElapsedCallback) refers to dflti.o(.text) for __aeabi_i2d
    selftest.o(i.HAL_TIM_PeriodElapsedCallback) refers to selftest.o(i.stop_or_not) for stop_or_not
    selftest.o(i.HAL_TIM_PeriodElapsedCallback) refers to selftest.o(.bss) for .bss
    selftest.o(i.HAL_TIM_PeriodElapsedCallback) refers to selftest.o(.data) for .data
    selftest.o(i.acc_filters) refers to selftest.o(.bss) for .bss
    selftest.o(i.acc_filters) refers to selftest.o(.data) for .data
    selftest.o(i.g_filters) refers to selftest.o(.bss) for .bss
    selftest.o(i.g_filters) refers to selftest.o(.data) for .data
    selftest.o(i.is_going_to_0) refers to cdcmple.o(.text) for __aeabi_cdcmpeq
    selftest.o(i.is_going_to_0) refers to cdrcmple.o(.text) for __aeabi_cdrcmple
    selftest.o(i.is_going_to_0) refers to dadd.o(.text) for __aeabi_dsub
    selftest.o(i.quad) refers to selftest.o(i.g_filters) for g_filters
    selftest.o(i.quad) refers to selftest.o(i.acc_filters) for acc_filters
    selftest.o(i.quad) refers to selftest.o(i.yg_filters) for yg_filters
    selftest.o(i.quad) refers to selftest.o(i.yacc_filters) for yacc_filters
    selftest.o(i.quad_funk_is_going_to_0) refers to cdrcmple.o(.text) for __aeabi_cdrcmple
    selftest.o(i.quad_funk_is_going_to_0) refers to selftest.o(i.sigmoid) for sigmoid
    selftest.o(i.quad_funk_is_going_to_0) refers to dadd.o(.text) for __aeabi_drsub
    selftest.o(i.sigmoid) refers to fabs.o(i.__hardfp_fabs) for __hardfp_fabs
    selftest.o(i.sigmoid) refers to dadd.o(.text) for __aeabi_dadd
    selftest.o(i.sigmoid) refers to ddiv.o(.text) for __aeabi_ddiv
    selftest.o(i.stop_or_not) refers to selftest.o(i.is_going_to_0) for is_going_to_0
    selftest.o(i.stop_or_not) refers to selftest.o(i.quad_funk_is_going_to_0) for quad_funk_is_going_to_0
    selftest.o(i.stop_or_not) refers to cdcmple.o(.text) for __aeabi_cdcmpeq
    selftest.o(i.yacc_filters) refers to selftest.o(.bss) for .bss
    selftest.o(i.yacc_filters) refers to selftest.o(.data) for .data
    selftest.o(i.yg_filters) refers to selftest.o(.bss) for .bss
    selftest.o(i.yg_filters) refers to selftest.o(.data) for .data
    main.o(i.Error_Handler) refers to stm32f3_discovery.o(i.BSP_LED_On) for BSP_LED_On
    main.o(i.HAL_GPIO_EXTI_Callback) refers to main.o(.data) for .data
    main.o(i.HAL_TIM_Base_MspInit) refers to stm32f3xx_hal_cortex.o(i.HAL_NVIC_SetPriority) for HAL_NVIC_SetPriority
    main.o(i.HAL_TIM_Base_MspInit) refers to stm32f3xx_hal_cortex.o(i.HAL_NVIC_EnableIRQ) for HAL_NVIC_EnableIRQ
    main.o(i.SystemClock_Config) refers to stm32f3xx_hal_rcc_ex.o(i.HAL_RCC_OscConfig) for HAL_RCC_OscConfig
    main.o(i.SystemClock_Config) refers to stm32f3xx_hal_rcc_ex.o(i.HAL_RCCEx_GetPeriphCLKConfig) for HAL_RCCEx_GetPeriphCLKConfig
    main.o(i.SystemClock_Config) refers to stm32f3xx_hal_rcc_ex.o(i.HAL_RCCEx_PeriphCLKConfig) for HAL_RCCEx_PeriphCLKConfig
    main.o(i.SystemClock_Config) refers to stm32f3xx_hal_rcc.o(i.HAL_RCC_ClockConfig) for HAL_RCC_ClockConfig
    main.o(i.SystemClock_Config) refers to main.o(i.Error_Handler) for Error_Handler
    main.o(i.TIM3_IRQHandler) refers to stm32f3xx_hal_tim.o(i.HAL_TIM_IRQHandler) for HAL_TIM_IRQHandler
    main.o(i.TIM3_IRQHandler) refers to main.o(.bss) for .bss
    main.o(i.main) refers to stm32f3xx_hal.o(i.HAL_Init) for HAL_Init
    main.o(i.main) refers to stm32f3_discovery.o(i.BSP_PB_Init) for BSP_PB_Init
    main.o(i.main) refers to stm32f3_discovery.o(i.BSP_LED_Init) for BSP_LED_Init
    main.o(i.main) refers to main.o(i.SystemClock_Config) for SystemClock_Config
    main.o(i.main) refers to stm32f3xx_hal_tim.o(i.HAL_TIM_PWM_Init) for HAL_TIM_PWM_Init
    main.o(i.main) refers to stm32f3xx_hal_tim_ex.o(i.HAL_TIM_PWM_ConfigChannel) for HAL_TIM_PWM_ConfigChannel
    main.o(i.main) refers to stm32f3xx_hal_tim.o(i.HAL_TIM_PWM_Start) for HAL_TIM_PWM_Start
    main.o(i.main) refers to stm32f3xx_hal_tim.o(i.HAL_TIM_Base_Init) for HAL_TIM_Base_Init
[...]
    ..\\Src\\main.c                          0x00000000   Number         0  main.o ABSOLUTE
    ..\\Src\\selftest.c                      0x00000000   Number         0  selftest.o ABSOLUTE
    ..\\Src\\stm32f3xx_hal_msp.c             0x00000000   Number         0  stm32f3xx_hal_msp.o ABSOLUTE
    ..\\Src\\stm32f3xx_it.c                  0x00000000   Number         0  stm32f3xx_it.o ABSOLUTE
    ..\\Src\\system_stm32f3xx.c              0x00000000   Number         0  system_stm32f3xx.o ABSOLUTE
    ..\\Src\\usbd_conf.c                     0x00000000   Number         0  usbd_conf.o ABSOLUTE
    ..\\Src\\usbd_desc.c                     0x00000000   Number         0  usbd_desc.o ABSOLUTE
    cdcmple.s                                0x00000000   Number         0  cdcmple.o ABSOLUTE
    cdrcmple.s                               0x00000000   Number         0  cdrcmple.o ABSOLUTE
    dc.s                                     0x00000000   Number         0  dc.o ABSOLUTE
    handlers.s                               0x00000000   Number         0  handlers.o ABSOLUTE
    init.s                                   0x00000000   Number         0  init.o ABSOLUTE
    RESET                                    0x08000000   Section      392  startup_stm32f303xc.o(RESET)
    .ARM.Collect$$$$00000000                 0x08000188   Section        0  entry.o(.ARM.Collect$$$$00000000)
    .ARM.Collect$$$$00000001                 0x08000188   Section        4  entry2.o(.ARM.Collect$$$$00000001)
    .ARM.Collect$$$$00000004                 0x0800018c   Section        4  entry5.o(.ARM.Collect$$$$00000004)
    .ARM.Collect$$$$00000008                 0x08000190   Section        0  entry7b.o(.ARM.Collect$$$$00000008)
    .ARM.Collect$$$$0000000A                 0x08000190   Section        0  entry8b.o(.ARM.Collect$$$$0000000A)
    .ARM.Collect$$$$0000000B                 0x08000190   Section        8  entry9a.o(.ARM.Collect$$$$0000000B)
    .ARM.Collect$$$$0000000D                 0x08000198   Section        0  entry10a.o(.ARM.Collect$$$$0000000D)
    .ARM.Collect$$$$0000000F                 0x08000198   Section        0  entry11a.o(.ARM.Collect$$$$0000000F)
    .ARM.Collect$$$$00002712                 0x08000198   Section        4  entry2.o(.ARM.Collect$$$$00002712)
    __lit__00000000                          0x08000198   Data           4  entry2.o(.ARM.Collect$$$$00002712)
    .text                                    0x0800019c   Section       36  startup_stm32f303xc.o(.text)
    $v0                                      0x0800019c   Number         0  startup_stm32f303xc.o(.text)
    .text                                    0x080001c0   Section        0  dadd.o(.text)
    .text                                    0x0800030e   Section        0  ddiv.o(.text)
    .text                                    0x080003ec   Section        0  dflti.o(.text)
    .text                                    0x08000410   Section       48  cdcmple.o(.text)
    .text                                    0x08000440   Section       48  cdrcmple.o(.text)
    .text                                    0x08000470   Section        0  llshl.o(.text)
    .text                                    0x0800048e   Section        0  llsshr.o(.text)
    .text                                    0x080004b2   Section        0  iusefp.o(.text)
    .text                                    0x080004b2   Section        0  depilogue.o(.text)
    .text                                    0x0800056c   Section       36  init.o(.text)
    .text                                    0x08000590   Section        0  llushr.o(.text)
    .text                                    0x080005b0   Section        0  __dczerorl2.o(.text)
    i.ACCELERO_GYRO                          0x08000608   Section        0  selftest.o(i.ACCELERO_GYRO)
    i.BSP_ACCELERO_GetXYZ                    0x0800069c   Section        0  stm32f3_discovery_accelerometer.o(i.BSP_ACCELERO_GetXYZ)
    i.BSP_ACCELERO_Init                      0x080006b0   Section        0  stm32f3_discovery_accelerometer.o(i.BSP_ACCELERO_Init)
    i.BSP_GYRO_GetXYZ                        0x080006e4   Section        0  stm32f3_discovery_gyroscope.o(i.BSP_GYRO_GetXYZ)
    i.BSP_GYRO_Init                          0x080006f8   Section        0  stm32f3_discovery_gyroscope.o(i.BSP_GYRO_Init)
    i.BSP_LED_Init                           0x0800073c   Section        0  stm32f3_discovery.o(i.BSP_LED_Init)
    i.BSP_LED_Off                            0x080007a8   Section        0  stm32f3_discovery.o(i.BSP_LED_Off)
    i.BSP_LED_On                             0x080007c4   Section        0  stm32f3_discovery.o(i.BSP_LED_On)
    i.BSP_PB_GetState                        0x080007e0   Section        0  stm32f3_discovery.o(i.BSP_PB_GetState)
    i.BSP_PB_Init                            0x080007f8   Section        0  stm32f3_discovery.o(i.BSP_PB_Init)
    i.BusFault_Handler                       0x0800087c   Section        0  stm32f3xx_it.o(i.BusFault_Handler)
    i.COMPASSACCELERO_IO_ITConfig            0x08000880   Section        0  stm32f3_discovery.o(i.COMPASSACCELERO_IO_ITConfig)
    i.COMPASSACCELERO_IO_Init                0x080008c8   Section        0  stm32f3_discovery.o(i.COMPASSACCELERO_IO_Init)
    i.COMPASSACCELERO_IO_Read                0x08000928   Section        0  stm32f3_discovery.o(i.COMPASSACCELERO_IO_Read)
    i.COMPASSACCELERO_IO_Write               0x0800095c   Section        0  stm32f3_discovery.o(i.COMPASSACCELERO_IO_Write)
    i.DebugMon_Handler                       0x0800098c   Section        0  stm32f3xx_it.o(i.DebugMon_Handler)
    i.EXTI0_IRQHandler                       0x0800098e   Section        0  stm32f3xx_it.o(i.EXTI0_IRQHandler)
    i.Error_Handler                          0x08000994   Section        0  main.o(i.Error_Handler)
    i.GYRO_IO_Init                           0x0800099c   Section        0  stm32f3_discovery.o(i.GYRO_IO_Init)
    i.GYRO_IO_Read                           0x080009f8   Section        0  stm32f3_discovery.o(i.GYRO_IO_Read)
    i.GYRO_IO_Write                          0x08000a48   Section        0  stm32f3_discovery.o(i.GYRO_IO_Write)
    i.HAL_GPIO_EXTI_Callback                 0x08000a90   Section        0  main.o(i.HAL_GPIO_EXTI_Callback)
    i.HAL_GPIO_EXTI_IRQHandler               0x08000aac   Section        0  stm32f3xx_hal_gpio.o(i.HAL_GPIO_EXTI_IRQHandler)
    i.HAL_GPIO_Init                          0x08000ac4   Section        0  stm32f3xx_hal_gpio.o(i.HAL_GPIO_Init)
    i.HAL_GPIO_ReadPin                       0x08000c48   Section        0  stm32f3xx_hal_gpio.o(i.HAL_GPIO_ReadPin)
    i.HAL_GPIO_WritePin                      0x08000c52   Section        0  stm32f3xx_hal_gpio.o(i.HAL_GPIO_WritePin)
    i.HAL_GetTick                            0x08000c5c   Section        0  stm32f3xx_hal.o(i.HAL_GetTick)
    i.HAL_I2C_DeInit                         0x08000c68   Section        0  stm32f3xx_hal_i2c.o(i.HAL_I2C_DeInit)
    i.HAL_I2C_GetState                       0x08000c98   Section        0  stm32f3xx_hal_i2c.o(i.HAL_I2C_GetState)
    i.HAL_I2C_Init                           0x08000ca0   Section        0  stm32f3xx_hal_i2c.o(i.HAL_I2C_Init)
    i.HAL_I2C_Mem_Read                       0x08000d48   Section        0  stm32f3xx_hal_i2c.o(i.HAL_I2C_Mem_Read)
    i.HAL_I2C_Mem_Write                      0x08000e5c   Section        0  stm32f3xx_hal_i2c.o(i.HAL_I2C_Mem_Write)
    i.HAL_I2C_MspDeInit                      0x08000f6c   Section        0  stm32f3xx_hal_i2c.o(i.HAL_I2C_MspDeInit)
    i.HAL_I2C_MspInit                        0x08000f6e   Section        0  stm32f3xx_hal_i2c.o(i.HAL_I2C_MspInit)
    i.HAL_IncTick                            0x08000f70   Section        0  stm32f3xx_hal.o(i.HAL_IncTick)
    i.HAL_Init                               0x08000f80   Section        0  stm32f3xx_hal.o(i.HAL_Init)
    i.HAL_InitTick                           0x08000fa4   Section        0  stm32f3xx_hal.o(i.HAL_InitTick)
    i.HAL_MspInit                            0x08000fc6   Section        0  stm32f3xx_hal.o(i.HAL_MspInit)
    i.HAL_NVIC_EnableIRQ                     0x08000fc8   Section        0  stm32f3xx_hal_cortex.o(i.HAL_NVIC_EnableIRQ)
    i.HAL_NVIC_SetPriority                   0x08000fe0   Section        0  stm32f3xx_hal_cortex.o(i.HAL_NVIC_SetPriority)
    i.HAL_NVIC_SetPriorityGrouping           0x08001020   Section        0  stm32f3xx_hal_cortex.o(i.HAL_NVIC_SetPriorityGrouping)
    i.HAL_PCD_DataInStageCallback            0x08001044   Section        0  usbd_conf.o(i.HAL_PCD_DataInStageCallback)
    i.HAL_PCD_DataOutStageCallback           0x08001056   Section        0  usbd_conf.o(i.HAL_PCD_DataOutStageCallback)
    i.HAL_PCD_EP_ClrStall                    0x0800106a   Section        0  stm32f3xx_hal_pcd.o(i.HAL_PCD_EP_ClrStall)
    i.HAL_PCD_EP_Open                        0x0800111a   Section        0  stm32f3xx_hal_pcd.o(i.HAL_PCD_EP_Open)
    i.HAL_PCD_EP_Receive                     0x08001416   Section        0  stm32f3xx_hal_pcd.o(i.HAL_PCD_EP_Receive)
    i.HAL_PCD_EP_SetStall                    0x080014fc   Section        0  stm32f3xx_hal_pcd.o(i.HAL_PCD_EP_SetStall)
    i.HAL_PCD_EP_Transmit                    0x08001586   Section        0  stm32f3xx_hal_pcd.o(i.HAL_PCD_EP_Transmit)
    i.HAL_PCD_IRQHandler                     0x080016dc   Section        0  stm32f3xx_hal_pcd.o(i.HAL_PCD_IRQHandler)
    i.HAL_PCD_ResetCallback                  0x080017ca   Section        0  usbd_conf.o(i.HAL_PCD_ResetCallback)
    i.HAL_PCD_ResumeCallback                 0x080017e4   Section        0  usbd_conf.o(i.HAL_PCD_ResumeCallback)
    i.HAL_PCD_SOFCallback                    0x080017e6   Section        0  usbd_conf.o(i.HAL_PCD_SOFCallback)
    i.HAL_PCD_SetAddress                     0x080017ee   Section        0  stm32f3xx_hal_pcd.o(i.HAL_PCD_SetAddress)
    i.HAL_PCD_SetupStageCallback             0x0800181a   Section        0  usbd_conf.o(i.HAL_PCD_SetupStageCallback)
    i.HAL_PCD_SuspendCallback                0x08001828   Section        0  usbd_conf.o(i.HAL_PCD_SuspendCallback)
    i.HAL_RCCEx_GetPeriphCLKConfig           0x0800182c   Section        0  stm32f3xx_hal_rcc_ex.o(i.HAL_RCCEx_GetPeriphCLKConfig)
    i.HAL_RCCEx_PeriphCLKConfig              0x080018e8   Section        0  stm32f3xx_hal_rcc_ex.o(i.HAL_RCCEx_PeriphCLKConfig)
    i.HAL_RCC_ClockConfig                    0x08001ab8   Section        0  stm32f3xx_hal_rcc.o(i.HAL_RCC_ClockConfig)
    i.HAL_RCC_GetHCLKFreq                    0x08001d40   Section        0  stm32f3xx_hal_rcc.o(i.HAL_RCC_GetHCLKFreq)
    i.HAL_RCC_GetSysClockFreq                0x08001d74   Section        0  stm32f3xx_hal_rcc_ex.o(i.HAL_RCC_GetSysClockFreq)
    i.HAL_RCC_OscConfig                      0x08001dd8   Section        0  stm32f3xx_hal_rcc_ex.o(i.HAL_RCC_OscConfig)
    i.HAL_SPI_DeInit                         0x08002368   Section        0  stm32f3xx_hal_spi.o(i.HAL_SPI_DeInit)
    i.HAL_SPI_GetState                       0x08002398   Section        0  stm32f3xx_hal_spi.o(i.HAL_SPI_GetState)
    i.HAL_SPI_Init                           0x0800239e   Section        0  stm32f3xx_hal_spi.o(i.HAL_SPI_Init)
    i.HAL_SPI_MspDeInit                      0x08002452   Section        0  stm32f3xx_hal_spi.o(i.HAL_SPI_MspDeInit)
    i.HAL_SPI_MspInit                        0x08002454   Section        0  stm32f3xx_hal_spi.o(i.HAL_SPI_MspInit)
    i.HAL_SPI_TransmitReceive                0x08002456   Section        0  stm32f3xx_hal_spi.o(i.HAL_SPI_TransmitReceive)
    i.HAL_SYSTICK_Config                     0x080026f0   Section        0  stm32f3xx_hal_cortex.o(i.HAL_SYSTICK_Config)
    i.HAL_TIMEx_BreakCallback                0x08002718   Section        0  stm32f3xx_hal_tim_ex.o(i.HAL_TIMEx_BreakCallback)
    i.HAL_TIMEx_CommutationCallback          0x0800271a   Section        0  stm32f3xx_hal_tim_ex.o(i.HAL_TIMEx_CommutationCallback)
    i.HAL_TIM_Base_Init                      0x0800271c   Section        0  stm32f3xx_hal_tim.o(i.HAL_TIM_Base_Init)
    i.HAL_TIM_Base_MspInit                   0x0800274c   Section        0  main.o(i.HAL_TIM_Base_MspInit)
    i.HAL_TIM_Base_Start_IT                  0x08002770   Section        0  stm32f3xx_hal_tim.o(i.HAL_TIM_Base_Start_IT)
    i.HAL_TIM_IC_CaptureCallback             0x08002788   Section        0  stm32f3xx_hal_tim.o(i.HAL_TIM_IC_CaptureCallback)
    i.HAL_TIM_IRQHandler                     0x0800278a   Section        0  stm32f3xx_hal_tim.o(i.HAL_TIM_IRQHandler)
    i.HAL_TIM_OC_DelayElapsedCallback        0x080028f0   Section        0  stm32f3xx_hal_tim.o(i.HAL_TIM_OC_DelayElapsedCallback)
    i.HAL_TIM_PWM_ConfigChannel              0x080028f2   Section        0  stm32f3xx_hal_tim_ex.o(i.HAL_TIM_PWM_ConfigChannel)
    i.HAL_TIM_PWM_Init                       0x08002a1a   Section        0  stm32f3xx_hal_tim.o(i.HAL_TIM_PWM_Init)
    i.HAL_TIM_PWM_MspInit                    0x08002a4c   Section        0  stm32f3xx_hal_msp.o(i.HAL_TIM_PWM_MspInit)
    i.HAL_TIM_PWM_PulseFinishedCallback      0x08002ab4   Section        0  stm32f3xx_hal_tim.o(i.HAL_TIM_PWM_PulseFinishedCallback)
    i.HAL_TIM_PWM_Start                      0x08002ab8   Section        0  stm32f3xx_hal_tim.o(i.HAL_TIM_PWM_Start)
    i.HAL_TIM_PeriodElapsedCallback          0x08002b10   Section        0  selftest.o(i.HAL_TIM_PeriodElapsedCallback)
    i.HAL_TIM_TriggerCallback                0x08002da4   Section        0  stm32f3xx_hal_tim.o(i.HAL_TIM_TriggerCallback)
    i.HardFault_Handler                      0x08002da6   Section        0  stm32f3xx_it.o(i.HardFault_Handler)
    i.I2C_IsAcknowledgeFailed                0x08002da8   Section        0  stm32f3xx_hal_i2c.o(i.I2C_IsAcknowledgeFailed)
    I2C_IsAcknowledgeFailed                  0x08002da9   Thumb Code   152  stm32f3xx_hal_i2c.o(i.I2C_IsAcknowledgeFailed)
    i.I2C_RequestMemoryRead                  0x08002e44   Section        0  stm32f3xx_hal_i2c.o(i.I2C_RequestMemoryRead)
    I2C_RequestMemoryRead                    0x08002e45   Thumb Code   100  stm32f3xx_hal_i2c.o(i.I2C_RequestMemoryRead)
    i.I2C_RequestMemoryWrite                 0x08002ea8   Section        0  stm32f3xx_hal_i2c.o(i.I2C_RequestMemoryWrite)
    I2C_RequestMemoryWrite                   0x08002ea9   Thumb Code   100  stm32f3xx_hal_i2c.o(i.I2C_RequestMemoryWrite)
    i.I2C_TransferConfig                     0x08002f0c   Section        0  stm32f3xx_hal_i2c.o(i.I2C_TransferConfig)
    I2C_TransferConfig                       0x08002f0d   Thumb Code    30  stm32f3xx_hal_i2c.o(i.I2C_TransferConfig)
    i.I2C_WaitOnFlagUntilTimeout             0x08002f30   Section        0  stm32f3xx_hal_i2c.o(i.I2C_WaitOnFlagUntilTimeout)
    I2C_WaitOnFlagUntilTimeout               0x08002f31   Thumb Code   106  stm32f3xx_hal_i2c.o(i.I2C_WaitOnFlagUntilTimeout)
    i.I2C_WaitOnSTOPFlagUntilTimeout         0x08002f9a   Section        0  stm32f3xx_hal_i2c.o(i.I2C_WaitOnSTOPFlagUntilTimeout)
    I2C_WaitOnSTOPFlagUntilTimeout           0x08002f9b   Thumb Code    78  stm32f3xx_hal_i2c.o(i.I2C_WaitOnSTOPFlagUntilTimeout)
    i.I2C_WaitOnTXISFlagUntilTimeout         0x08002fe8   Section        0  stm32f3xx_hal_i2c.o(i.I2C_WaitOnTXISFlagUntilTimeout)
    I2C_WaitOnTXISFlagUntilTimeout           0x08002fe9   Thumb Code    82  stm32f3xx_hal_i2c.o(i.I2C_WaitOnTXISFlagUntilTimeout)
    i.I2Cx_Error                             0x0800303c   Section        0  stm32f3_discovery.o(i.I2Cx_Error)
    I2Cx_Error                               0x0800303d   Thumb Code    16  stm32f3_discovery.o(i.I2Cx_Error)
    i.I2Cx_Init                              0x08003050   Section        0  stm32f3_discovery.o(i.I2Cx_Init)
    I2Cx_Init                                0x08003051   Thumb Code    98  stm32f3_discovery.o(i.I2Cx_Init)
    i.L3GD20_DisableIT                       0x080030c4   Section        0  l3gd20.o(i.L3GD20_DisableIT)
    i.L3GD20_EnableIT                        0x080030fc   Section        0  l3gd20.o(i.L3GD20_EnableIT)
    i.L3GD20_FilterCmd                       0x0800313c   Section        0  l3gd20.o(i.L3GD20_FilterCmd)
    i.L3GD20_FilterConfig                    0x08003164   Section        0  l3gd20.o(i.L3GD20_FilterConfig)
    i.L3GD20_INT1InterruptConfig             0x0800318c   Section        0  l3gd20.o(i.L3GD20_INT1InterruptConfig)
    i.L3GD20_Init                            0x080031de   Section        0  l3gd20.o(i.L3GD20_Init)
    i.L3GD20_ReadID                          0x0800320c   Section        0  l3gd20.o(i.L3GD20_ReadID)
    i.L3GD20_ReadXYZAngRate                  0x08003224   Section        0  l3gd20.o(i.L3GD20_ReadXYZAngRate)
    i.L3GD20_RebootCmd                       0x080032e8   Section        0  l3gd20.o(i.L3GD20_RebootCmd)
    i.LSM303DLHC_AccClickITEnable            0x0800330c   Section        0  lsm303dlhc.o(i.LSM303DLHC_AccClickITEnable)
    i.LSM303DLHC_AccFilterClickCmd           0x08003352   Section        0  lsm303dlhc.o(i.LSM303DLHC_AccFilterClickCmd)
    i.LSM303DLHC_AccFilterCmd                0x08003370   Section        0  lsm303dlhc.o(i.LSM303DLHC_AccFilterCmd)
    i.LSM303DLHC_AccFilterConfig             0x0800338e   Section        0  lsm303dlhc.o(i.LSM303DLHC_AccFilterConfig)
    i.LSM303DLHC_AccIT1Enable                0x080033ac   Section        0  lsm303dlhc.o(i.LSM303DLHC_AccIT1Enable)
    i.LSM303DLHC_AccInit                     0x080033c8   Section        0  lsm303dlhc.o(i.LSM303DLHC_AccInit)
    i.LSM303DLHC_AccReadID                   0x080033e8   Section        0  lsm303dlhc.o(i.LSM303DLHC_AccReadID)
    i.LSM303DLHC_AccReadXYZ                  0x080033fc   Section        0  lsm303dlhc.o(i.LSM303DLHC_AccReadXYZ)
    i.LSM303DLHC_AccRebootCmd                0x080034e0   Section        0  lsm303dlhc.o(i.LSM303DLHC_AccRebootCmd)
    i.LSM303DLHC_AccZClickITConfig           0x080034fa   Section        0  lsm303dlhc.o(i.LSM303DLHC_AccZClickITConfig)
    i.MemManage_Handler                      0x08003516   Section        0  stm32f3xx_it.o(i.MemManage_Handler)
    i.NMI_Handler                            0x08003518   Section        0  stm32f3xx_it.o(i.NMI_Handler)
    i.NVIC_SetPriority                       0x0800351a   Section        0  stm32f3xx_hal_cortex.o(i.NVIC_SetPriority)
    NVIC_SetPriority                         0x0800351b   Thumb Code    32  stm32f3xx_hal_cortex.o(i.NVIC_SetPriority)
    i.PCD_EP_ISR_Handler                     0x0800353a   Section        0  stm32f3xx_hal_pcd.o(i.PCD_EP_ISR_Handler)
    PCD_EP_ISR_Handler                       0x0800353b   Thumb Code   872  stm32f3xx_hal_pcd.o(i.PCD_EP_ISR_Handler)
    i.PCD_ReadPMA                            0x080038a4   Section        0  stm32f3xx_hal_pcd_ex.o(i.PCD_ReadPMA)
    i.PCD_WritePMA                           0x080038c2   Section        0  stm32f3xx_hal_pcd_ex.o(i.PCD_WritePMA)
    i.PendSV_Handler                         0x080038e8   Section        0  stm32f3xx_it.o(i.PendSV_Handler)
    i.SPI_EndRxTxTransaction                 0x080038ea   Section        0  stm32f3xx_hal_spi.o(i.SPI_EndRxTxTransaction)
    SPI_EndRxTxTransaction                   0x080038eb   Thumb Code    66  stm32f3xx_hal_spi.o(i.SPI_EndRxTxTransaction)
    i.SPI_WaitFifoStateUntilTimeout          0x0800392c   Section        0  stm32f3xx_hal_spi.o(i.SPI_WaitFifoStateUntilTimeout)
    SPI_WaitFifoStateUntilTimeout            0x0800392d   Thumb Code   156  stm32f3xx_hal_spi.o(i.SPI_WaitFifoStateUntilTimeout)
    i.SPI_WaitFlagStateUntilTimeout          0x080039c8   Section        0  stm32f3xx_hal_spi.o(i.SPI_WaitFlagStateUntilTimeout)
    SPI_WaitFlagStateUntilTimeout            0x080039c9   Thumb Code   140  stm32f3xx_hal_spi.o(i.SPI_WaitFlagStateUntilTimeout)
    i.SPIx_Init                              0x08003a54   Section        0  stm32f3_discovery.o(i.SPIx_Init)
    SPIx_Init                                0x08003a55   Thumb Code   120  stm32f3_discovery.o(i.SPIx_Init)
    i.SPIx_WriteRead                         0x08003ad8   Section        0  stm32f3_discovery.o(i.SPIx_WriteRead)
    SPIx_WriteRead                           0x08003ad9   Thumb Code    46  stm32f3_discovery.o(i.SPIx_WriteRead)
    i.SVC_Handler                            0x08003b10   Section        0  stm32f3xx_it.o(i.SVC_Handler)
    i.SysTick_Handler                        0x08003b12   Section        0  stm32f3xx_it.o(i.SysTick_Handler)
    i.SystemClock_Config                     0x08003b16   Section        0  main.o(i.SystemClock_Config)
    SystemClock_Config                       0x08003b17   Thumb Code    84  main.o(i.SystemClock_Config)
    i.SystemInit                             0x08003b6c   Section        0  system_stm32f3xx.o(i.SystemInit)
    i.TIM3_IRQHandler                        0x08003bd4   Section        0  main.o(i.TIM3_IRQHandler)
    i.TIM_Base_SetConfig                     0x08003be0   Section        0  stm32f3xx_hal_tim.o(i.TIM_Base_SetConfig)
    i.TIM_CCxChannelCmd                      0x08003c88   Section        0  stm32f3xx_hal_tim.o(i.TIM_CCxChannelCmd)
    i.TIM_OC1_SetConfig                      0x08003ca0   Section        0  stm32f3xx_hal_tim.o(i.TIM_OC1_SetConfig)
    i.TIM_OC2_SetConfig                      0x08003d3c   Section        0  stm32f3xx_hal_tim.o(i.TIM_OC2_SetConfig)
    i.TIM_OC3_SetConfig                      0x08003dcc   Section        0  stm32f3xx_hal_tim.o(i.TIM_OC3_SetConfig)
    i.TIM_OC4_SetConfig                      0x08003e5c   Section        0  stm32f3xx_hal_tim.o(i.TIM_OC4_SetConfig)
    i.TIM_OC5_SetConfig                      0x08003ed0   Section        0  stm32f3xx_hal_tim_ex.o(i.TIM_OC5_SetConfig)
    TIM_OC5_SetConfig                        0x08003ed1   Thumb Code    86  stm32f3xx_hal_tim_ex.o(i.TIM_OC5_SetConfig)
    i.TIM_OC6_SetConfig                      0x08003f40   Section        0  stm32f3xx_hal_tim_ex.o(i.TIM_OC6_SetConfig)
    TIM_OC6_SetConfig                        0x08003f41   Thumb Code    88  stm32f3xx_hal_tim_ex.o(i.TIM_OC6_SetConfig)
    i.USBD_ClrClassConfig                    0x08003fb0   Section        0  usbd_core.o(i.USBD_ClrClassConfig)
    i.USBD_CtlContinueRx                     0x08003fbe   Section        0  usbd_ioreq.o(i.USBD_CtlContinueRx)
    i.USBD_CtlContinueSendData               0x08003fce   Section        0  usbd_ioreq.o(i.USBD_CtlContinueSendData)
    i.USBD_CtlError                          0x08003fde   Section        0  usbd_ctlreq.o(i.USBD_CtlError)
    i.USBD_CtlReceiveStatus                  0x08003ff4   Section        0  usbd_ioreq.o(i.USBD_CtlReceiveStatus)
    i.USBD_CtlSendData                       0x0800400a   Section        0  usbd_ioreq.o(i.USBD_CtlSendData)
    i.USBD_CtlSendStatus                     0x08004024   Section        0  usbd_ioreq.o(i.USBD_CtlSendStatus)
    i.USBD_GetDescriptor                     0x0800403a   Section        0  usbd_ctlreq.o(i.USBD_GetDescriptor)
    USBD_GetDescriptor                       0x0800403b   Thumb Code   224  usbd_ctlreq.o(i.USBD_GetDescriptor)
    i.USBD_LL_ClearStallEP                   0x0800411a   Section        0  usbd_conf.o(i.USBD_LL_ClearStallEP)
    i.USBD_LL_DataInStage                    0x08004128   Section        0  usbd_core.o(i.USBD_LL_DataInStage)
    i.USBD_LL_DataOutStage                   0x080041c8   Section        0  usbd_core.o(i.USBD_LL_DataOutStage)
    i.USBD_LL_IsStallEP                      0x08004232   Section        0  usbd_conf.o(i.USBD_LL_IsStallEP)
    i.USBD_LL_OpenEP                         0x08004252   Section        0  usbd_conf.o(i.USBD_LL_OpenEP)
    i.USBD_LL_PrepareReceive                 0x08004266   Section        0  usbd_conf.o(i.USBD_LL_PrepareReceive)
    i.USBD_LL_Reset                          0x08004274   Section        0  usbd_core.o(i.USBD_LL_Reset)
    i.USBD_LL_SOF                            0x080042b2   Section        0  usbd_core.o(i.USBD_LL_SOF)
    i.USBD_LL_SetSpeed                       0x080042ca   Section        0  usbd_core.o(i.USBD_LL_SetSpeed)
    i.USBD_LL_SetUSBAddress                  0x080042d0   Section        0  usbd_conf.o(i.USBD_LL_SetUSBAddress)
    i.USBD_LL_SetupStage                     0x080042de   Section        0  usbd_core.o(i.USBD_LL_SetupStage)
    i.USBD_LL_StallEP                        0x08004338   Section        0  usbd_conf.o(i.USBD_LL_StallEP)
    i.USBD_LL_Transmit                       0x08004346   Section        0  usbd_conf.o(i.USBD_LL_Transmit)
    i.USBD_ParseSetupRequest                 0x08004354   Section        0  usbd_ctlreq.o(i.USBD_ParseSetupRequest)
    i.USBD_SetClassConfig                    0x0800437c   Section        0  usbd_core.o(i.USBD_SetClassConfig)
    i.USBD_SetConfig                         0x08004394   Section        0  usbd_ctlreq.o(i.USBD_SetConfig)
    USBD_SetConfig                           0x08004395   Thumb Code   110  usbd_ctlreq.o(i.USBD_SetConfig)
    i.USBD_StdDevReq                         0x08004408   Section        0  usbd_ctlreq.o(i.USBD_StdDevReq)
    i.USBD_StdEPReq                          0x080044fa   Section        0  usbd_ctlreq.o(i.USBD_StdEPReq)
    i.USBD_StdItfReq                         0x080045ba   Section        0  usbd_ctlreq.o(i.USBD_StdItfReq)
    i.USBWakeUp_RMP_IRQHandler               0x080045f0   Section        0  stm32f3xx_it.o(i.USBWakeUp_RMP_IRQHandler)
    i.USB_LP_IRQHandler                      0x08004600   Section        0  stm32f3xx_it.o(i.USB_LP_IRQHandler)
    i.UsageFault_Handler                     0x0800460c   Section        0  stm32f3xx_it.o(i.UsageFault_Handler)
    i.__hardfp_fabs                          0x0800460e   Section        0  fabs.o(i.__hardfp_fabs)
    i.__scatterload_copy                     0x08004622   Section       14  handlers.o(i.__scatterload_copy)
    i.__scatterload_null                     0x08004630   Section        2  handlers.o(i.__scatterload_null)
    i.__scatterload_zeroinit                 0x08004632   Section       14  handlers.o(i.__scatterload_zeroinit)
    i.acc_filters                            0x08004640   Section        0  selftest.o(i.acc_filters)
    i.g_filters                              0x08004690   Section        0  selftest.o(i.g_filters)
    i.is_going_to_0                          0x080046f0   Section        0  selftest.o(i.is_going_to_0)
    i.main                                   0x08004814   Section        0  main.o(i.main)
    i.quad                                   0x0800497c   Section        0  selftest.o(i.quad)
    i.quad_funk_is_going_to_0                0x08004994   Section        0  selftest.o(i.quad_funk_is_going_to_0)
    i.sigmoid                                0x08004a00   Section        0  selftest.o(i.sigmoid)
    i.stop_or_not                            0x08004a60   Section        0  selftest.o(i.stop_or_not)
    i.yacc_filters                           0x08004ad8   Section        0  selftest.o(i.yacc_filters)
    i.yg_filters                             0x08004b3c   Section        0  selftest.o(i.yg_filters)
    .constdata                               0x08004ba0   Section       20  stm32f3_discovery.o(.constdata)
    .constdata                               0x08004bb4   Section       16  stm32f3xx_hal_rcc.o(.constdata)
    .constdata                               0x08004bc4   Section       32  stm32f3xx_hal_rcc_ex.o(.constdata)
    .data                                    0x20000000   Section      144  selftest.o(.data)
    .data                                    0x20000090   Section       12  main.o(.data)
    .data                                    0x2000009c   Section       20  system_stm32f3xx.o(.data)
    .data                                    0x200000b0   Section       44  l3gd20.o(.data)
    .data                                    0x200000dc   Section       44  lsm303dlhc.o(.data)
    .data                                    0x20000108   Section       44  stm32f3_discovery.o(.data)
    .data                                    0x20000134   Section        4  stm32f3_discovery_accelerometer.o(.data)
    AccelerometerDrv                         0x20000134   Data           4  stm32f3_discovery_accelerometer.o(.data)
    .data                                    0x20000138   Section        4  stm32f3_discovery_gyroscope.o(.data)
    GyroscopeDrv                             0x20000138   Data           4  stm32f3_discovery_gyroscope.o(.data)
    .data                                    0x2000013c   Section        4  stm32f3xx_hal.o(.data)
    uwTick                                   0x2000013c   Data           4  stm32f3xx_hal.o(.data)
    .data                                    0x20000140   Section        1  usbd_ctlreq.o(.data)
    cfgidx                                   0x20000140   Data           1  usbd_ctlreq.o(.data)
    .bss                                     0x20000144   Section     2916  selftest.o(.bss)
    .bss                                     0x20000ca8   Section      148  main.o(.bss)
    .bss                                     0x20000d3c   Section      560  usbd_conf.o(.bss)
    mem                                      0x20000d3c   Data          16  usbd_conf.o(.bss)
    .bss                                     0x20000f6c   Section      152  stm32f3_discovery.o(.bss)
    SpiHandle                                0x20000f6c   Data          96  stm32f3_discovery.o(.bss)
    I2cHandle                                0x20000fcc   Data          56  stm32f3_discovery.o(.bss)
    STACK                                    0x20001008   Section     1024  startup_stm32f303xc.o(STACK)

    Global Symbols

    Symbol Name                              Value     Ov Type        Size  Object(Section)

    BuildAttributes$$THM_ISAv4$E$P$D$K$B$S$7EM$VFPi3$EXTD16$VFPS$VFMA$PE$A:L22UL41UL21$X:L11$S22US41US21$IEEE1$IW$USESV6$~STKCKD$USESV7$~SHL$OTIME$ROPI$IEEEJ$EBA8$MICROLIB$REQ8$PRES8$EABIv2 0x00000000   Number         0  anon$$obj.o ABSOLUTE
    __ARM_use_no_argv                        0x00000000   Number         0  main.o ABSOLUTE
    __cpp_initialize__aeabi_                  - Undefined Weak Reference
    __cxa_finalize                            - Undefined Weak Reference
    _clock_init                               - Undefined Weak Reference
    _microlib_exit                            - Undefined Weak Reference
    __Vectors_Size                           0x00000188   Number         0  startup_stm32f303xc.o ABSOLUTE
    __Vectors                                0x08000000   Data           4  startup_stm32f303xc.o(RESET)
    __Vectors_End                            0x08000188   Data           0  startup_stm32f303xc.o(RESET)
    __main                                   0x08000189   Thumb Code     0  entry.o(.ARM.Collect$$$$00000000)
    _main_stk                                0x08000189   Thumb Code     0  entry2.o(.ARM.Collect$$$$00000001)
    _main_scatterload                        0x0800018d   Thumb Code     0  entry5.o(.ARM.Collect$$$$00000004)
    __main_after_scatterload                 0x08000191   Thumb Code     0  entry5.o(.ARM.Collect$$$$00000004)
    _main_clock                              0x08000191   Thumb Code     0  entry7b.o(.ARM.Collect$$$$00000008)
    _main_cpp_init                           0x08000191   Thumb Code     0  entry8b.o(.ARM.Collect$$$$0000000A)
    _main_init                               0x08000191   Thumb Code     0  entry9a.o(.ARM.Collect$$$$0000000B)
    __rt_final_cpp                           0x08000199   Thumb Code     0  entry10a.o(.ARM.Collect$$$$0000000D)
    __rt_final_exit                          0x08000199   Thumb Code     0  entry11a.o(.ARM.Collect$$$$0000000F)
    Reset_Handler                            0x0800019d   Thumb Code     8  startup_stm32f303xc.o(.text)
    ADC1_2_IRQHandler                        0x080001b7   Thumb Code     0  startup_stm32f303xc.o(.text)
    ADC3_IRQHandler                          0x080001b7   Thumb Code     0  startup_stm32f303xc.o(.text)
    ADC4_IRQHandler                          0x080001b7   Thumb Code     0  startup_stm32f303xc.o(.text)
    CAN_RX1_IRQHandler                       0x080001b7   Thumb Code     0  startup_stm32f303xc.o(.text)
    CAN_SCE_IRQHandler                       0x080001b7   Thumb Code     0  startup_stm32f303xc.o(.text)
    COMP1_2_3_IRQHandler                     0x080001b7   Thumb Code     0  startup_stm32f303xc.o(.text)
    COMP4_5_6_IRQHandler                     0x080001b7   Thumb Code     0  startup_stm32f303xc.o(.text)
    COMP7_IRQHandler                         0x080001b7   Thumb Code     0  startup_stm32f303xc.o(.text)
    DMA1_Channel1_IRQHandler                 0x080001b7   Thumb Code     0  startup_stm32f303xc.o(.text)
    DMA1_Channel2_IRQHandler                 0x080001b7   Thumb Code     0  startup_stm32f303xc.o(.text)
    DMA1_Channel3_IRQHandler                 0x080001b7   Thumb Code     0  startup_stm32f303xc.o(.text)
    DMA1_Channel4_IRQHandler                 0x080001b7   Thumb Code     0  startup_stm32f303xc.o(.text)
    DMA1_Channel5_IRQHandler                 0x080001b7   Thumb Code     0  startup_stm32f303xc.o(.text)
    DMA1_Channel6_IRQHandler                 0x080001b7   Thumb Code     0  startup_stm32f303xc.o(.text)
    DMA1_Channel7_IRQHandler                 0x080001b7   Thumb Code     0  startup_stm32f303xc.o(.text)
    DMA2_Channel1_IRQHandler                 0x080001b7   Thumb Code     0  startup_stm32f303xc.o(.text)
    DMA2_Channel2_IRQHandler                 0x080001b7   Thumb Code     0  startup_stm32f303xc.o(.text)
    DMA2_Channel3_IRQHandler                 0x080001b7   Thumb Code     0  startup_stm32f303xc.o(.text)
    DMA2_Channel4_IRQHandler                 0x080001b7   Thumb Code     0  startup_stm32f303xc.o(.text)
    DMA2_Channel5_IRQHandler                 0x080001b7   Thumb Code     0  startup_stm32f303xc.o(.text)
    EXTI15_10_IRQHandler                     0x080001b7   Thumb Code     0  startup_stm32f303xc.o(.text)
    EXTI1_IRQHandler                         0x080001b7   Thumb Code     0  startup_stm32f303xc.o(.text)
    EXTI2_TSC_IRQHandler                     0x080001b7   Thumb Code     0  startup_stm32f303xc.o(.text)
    EXTI3_IRQHandler                         0x080001b7   Thumb Code     0  startup_stm32f303xc.o(.text)
    EXTI4_IRQHandler                         0x080001b7   Thumb Code     0  startup_stm32f303xc.o(.text)
    EXTI9_5_IRQHandler                       0x080001b7   Thumb Code     0  startup_stm32f303xc.o(.text)
    FLASH_IRQHandler                         0x080001b7   Thumb Code     0  startup_stm32f303xc.o(.text)
    FPU_IRQHandler                           0x080001b7   Thumb Code     0  startup_stm32f303xc.o(.text)
    I2C1_ER_IRQHandler                       0x080001b7   Thumb Code     0  startup_stm32f303xc.o(.text)
    I2C1_EV_IRQHandler                       0x080001b7   Thumb Code     0  startup_stm32f303xc.o(.text)
    I2C2_ER_IRQHandler                       0x080001b7   Thumb Code     0  startup_stm32f303xc.o(.text)
    I2C2_EV_IRQHandler                       0x080001b7   Thumb Code     0  startup_stm32f303xc.o(.text)
    PVD_IRQHandler                           0x080001b7   Thumb Code     0  startup_stm32f303xc.o(.text)
    RCC_IRQHandler                           0x080001b7   Thumb Code     0  startup_stm32f303xc.o(.text)
    RTC_Alarm_IRQHandler                     0x080001b7   Thumb Code     0  startup_stm32f303xc.o(.text)
    RTC_WKUP_IRQHandler                      0x080001b7   Thumb Code     0  startup_stm32f303xc.o(.text)
    SPI1_IRQHandler                          0x080001b7   Thumb Code     0  startup_stm32f303xc.o(.text)
    SPI2_IRQHandler                          0x080001b7   Thumb Code     0  startup_stm32f303xc.o(.text)
    SPI3_IRQHandler                          0x080001b7   Thumb Code     0  startup_stm32f303xc.o(.text)
    TAMP_STAMP_IRQHandler                    0x080001b7   Thumb Code     0  startup_stm32f303xc.o(.text)
    TIM1_BRK_TIM15_IRQHandler                0x080001b7   Thumb Code     0  startup_stm32f303xc.o(.text)
    TIM1_CC_IRQHandler                       0x080001b7   Thumb Code     0  startup_stm32f303xc.o(.text)
    TIM1_TRG_COM_TIM17_IRQHandler            0x080001b7   Thumb Code     0  startup_stm32f303xc.o(.text)
    TIM1_UP_TIM16_IRQHandler                 0x080001b7   Thumb Code     0  startup_stm32f303xc.o(.text)
    TIM2_IRQHandler                          0x080001b7   Thumb Code     0  startup_stm32f303xc.o(.text)
    TIM4_IRQHandler                          0x080001b7   Thumb Code     0  startup_stm32f303xc.o(.text)
    TIM6_DAC_IRQHandler                      0x080001b7   Thumb Code     0  startup_stm32f303xc.o(.text)
    TIM7_IRQHandler                          0x080001b7   Thumb Code     0  startup_stm32f303xc.o(.text)
    TIM8_BRK_IRQHandler                      0x080001b7   Thumb Code     0  startup_stm32f303xc.o(.text)
    TIM8_CC_IRQHandler                       0x080001b7   Thumb Code     0  startup_stm32f303xc.o(.text)
    TIM8_TRG_COM_IRQHandler                  0x080001b7   Thumb Code     0  startup_stm32f303xc.o(.text)
    TIM8_UP_IRQHandler                       0x080001b7   Thumb Code     0  startup_stm32f303xc.o(.text)
    UART4_IRQHandler                         0x080001b7   Thumb Code     0  startup_stm32f303xc.o(.text)
    UART5_IRQHandler                         0x080001b7   Thumb Code     0  startup_stm32f303xc.o(.text)
    USART1_IRQHandler                        0x080001b7   Thumb Code     0  startup_stm32f303xc.o(.text)
    USART2_IRQHandler                        0x080001b7   Thumb Code     0  startup_stm32f303xc.o(.text)
    USART3_IRQHandler                        0x080001b7   Thumb Code     0  startup_stm32f303xc.o(.text)
    USBWakeUp_IRQHandler                     0x080001b7   Thumb Code     0  startup_stm32f303xc.o(.text)
    USB_HP_CAN_TX_IRQHandler                 0x080001b7   Thumb Code     0  startup_stm32f303xc.o(.text)
    USB_HP_IRQHandler                        0x080001b7   Thumb Code     0  startup_stm32f303xc.o(.text)
    USB_LP_CAN_RX0_IRQHandler                0x080001b7   Thumb Code     0  startup_stm32f303xc.o(.text)
    WWDG_IRQHandler                          0x080001b7   Thumb Code     0  startup_stm32f303xc.o(.text)
    __aeabi_dadd                             0x080001c1   Thumb Code   322  dadd.o(.text)
    __aeabi_dsub                             0x08000303   Thumb Code     6  dadd.o(.text)
    __aeabi_drsub                            0x08000309   Thumb Code     6  dadd.o(.text)
    __aeabi_ddiv                             0x0800030f   Thumb Code   222  ddiv.o(.text)
    __aeabi_i2d                              0x080003ed   Thumb Code    34  dflti.o(.text)
    __aeabi_cdcmpeq                          0x08000411   Thumb Code     0  cdcmple.o(.text)
    __aeabi_cdcmple                          0x08000411   Thumb Code    48  cdcmple.o(.text)
    __aeabi_cdrcmple                         0x08000441   Thumb Code    48  cdrcmple.o(.text)
    __aeabi_llsl                             0x08000471   Thumb Code    30  llshl.o(.text)
    _ll_shift_l                              0x08000471   Thumb Code     0  llshl.o(.text)
    __aeabi_lasr                             0x0800048f   Thumb Code    36  llsshr.o(.text)
    _ll_sshift_r                             0x0800048f   Thumb Code     0  llsshr.o(.text)
    __I$use$fp                               0x080004b3   Thumb Code     0  iusefp.o(.text)
    _double_round                            0x080004b3   Thumb Code    30  depilogue.o(.text)
    _double_epilogue                         0x080004d1   Thumb Code   156  depilogue.o(.text)
    __scatterload                            0x0800056d   Thumb Code    28  init.o(.text)
    __scatterload_rt2                        0x0800056d   Thumb Code     0  init.o(.text)
    __aeabi_llsr                             0x08000591   Thumb Code    32  llushr.o(.text)
    _ll_ushift_r                             0x08000591   Thumb Code     0  llushr.o(.text)
    __decompress                             0x080005b1   Thumb Code     0  __dczerorl2.o(.text)
    __decompress1                            0x080005b1   Thumb Code    86  __dczerorl2.o(.text)
    ACCELERO_GYRO                            0x08000609   Thumb Code   140  selftest.o(i.ACCELERO_GYRO)
    BSP_ACCELERO_GetXYZ                      0x0800069d   Thumb Code    14  stm32f3_discovery_accelerometer.o(i.BSP_ACCELERO_GetXYZ)
    BSP_ACCELERO_Init                        0x080006b1   Thumb Code    42  stm32f3_discovery_accelerometer.o(i.BSP_ACCELERO_Init)
    BSP_GYRO_GetXYZ                          0x080006e5   Thumb Code    14  stm32f3_discovery_gyroscope.o(i.BSP_GYRO_GetXYZ)
    BSP_GYRO_Init                            0x080006f9   Thumb Code    58  stm32f3_discovery_gyroscope.o(i.BSP_GYRO_Init)
    BSP_LED_Init                             0x0800073d   Thumb Code    94  stm32f3_discovery.o(i.BSP_LED_Init)
    BSP_LED_Off                              0x080007a9   Thumb Code    18  stm32f3_discovery.o(i.BSP_LED_Off)
    BSP_LED_On                               0x080007c5   Thumb Code    18  stm32f3_discovery.o(i.BSP_LED_On)
    BSP_PB_GetState                          0x080007e1   Thumb Code    16  stm32f3_discovery.o(i.BSP_PB_GetState)
    BSP_PB_Init                              0x080007f9   Thumb Code   114  stm32f3_discovery.o(i.BSP_PB_Init)
    BusFault_Handler                         0x0800087d   Thumb Code     2  stm32f3xx_it.o(i.BusFault_Handler)
    COMPASSACCELERO_IO_ITConfig              0x08000881   Thumb Code    58  stm32f3_discovery.o(i.COMPASSACCELERO_IO_ITConfig)
    COMPASSACCELERO_IO_Init                  0x080008c9   Thumb Code    88  stm32f3_discovery.o(i.COMPASSACCELERO_IO_Init)
    COMPASSACCELERO_IO_Read                  0x08000929   Thumb Code    44  stm32f3_discovery.o(i.COMPASSACCELERO_IO_Read)
    COMPASSACCELERO_IO_Write                 0x0800095d   Thumb Code    40  stm32f3_discovery.o(i.COMPASSACCELERO_IO_Write)
    DebugMon_Handler                         0x0800098d   Thumb Code     2  stm32f3xx_it.o(i.DebugMon_Handler)
    EXTI0_IRQHandler                         0x0800098f   Thumb Code     6  stm32f3xx_it.o(i.EXTI0_IRQHandler)
    Error_Handler                            0x08000995   Thumb Code     8  main.o(i.Error_Handler)
    GYRO_IO_Init                             0x0800099d   Thumb Code    84  stm32f3_discovery.o(i.GYRO_IO_Init)
    GYRO_IO_Read                             0x080009f9   Thumb Code    74  stm32f3_discovery.o(i.GYRO_IO_Read)
    GYRO_IO_Write                            0x08000a49   Thumb Code    68  stm32f3_discovery.o(i.GYRO_IO_Write)
    HAL_GPIO_EXTI_Callback                   0x08000a91   Thumb Code    24  main.o(i.HAL_GPIO_EXTI_Callback)
    HAL_GPIO_EXTI_IRQHandler                 0x08000aad   Thumb Code    18  stm32f3xx_hal_gpio.o(i.HAL_GPIO_EXTI_IRQHandler)
    HAL_GPIO_Init                            0x08000ac5   Thumb Code   356  stm32f3xx_hal_gpio.o(i.HAL_GPIO_Init)
    HAL_GPIO_ReadPin                         0x08000c49   Thumb Code    10  stm32f3xx_hal_gpio.o(i.HAL_GPIO_ReadPin)
    HAL_GPIO_WritePin                        0x08000c53   Thumb Code    10  stm32f3xx_hal_gpio.o(i.HAL_GPIO_WritePin)
    HAL_GetTick                              0x08000c5d   Thumb Code     6  stm32f3xx_hal.o(i.HAL_GetTick)
    HAL_I2C_DeInit                           0x08000c69   Thumb Code    48  stm32f3xx_hal_i2c.o(i.HAL_I2C_DeInit)
    HAL_I2C_GetState                         0x08000c99   Thumb Code     6  stm32f3xx_hal_i2c.o(i.HAL_I2C_GetState)
    HAL_I2C_Init                             0x08000ca1   Thumb Code   162  stm32f3xx_hal_i2c.o(i.HAL_I2C_Init)
    HAL_I2C_Mem_Read                         0x08000d49   Thumb Code   272  stm32f3xx_hal_i2c.o(i.HAL_I2C_Mem_Read)
    HAL_I2C_Mem_Write                        0x08000e5d   Thumb Code   266  stm32f3xx_hal_i2c.o(i.HAL_I2C_Mem_Write)
    HAL_I2C_MspDeInit                        0x08000f6d   Thumb Code     2  stm32f3xx_hal_i2c.o(i.HAL_I2C_MspDeInit)
    HAL_I2C_MspInit                          0x08000f6f   Thumb Code     2  stm32f3xx_hal_i2c.o(i.HAL_I2C_MspInit)
    HAL_IncTick                              0x08000f71   Thumb Code    10  stm32f3xx_hal.o(i.HAL_IncTick)
    HAL_Init                                 0x08000f81   Thumb Code    32  stm32f3xx_hal.o(i.HAL_Init)
    HAL_InitTick                             0x08000fa5   Thumb Code    34  stm32f3xx_hal.o(i.HAL_InitTick)
    HAL_MspInit                              0x08000fc7   Thumb Code     2  stm32f3xx_hal.o(i.HAL_MspInit)
    HAL_NVIC_EnableIRQ                       0x08000fc9   Thumb Code    22  stm32f3xx_hal_cortex.o(i.HAL_NVIC_EnableIRQ)
    HAL_NVIC_SetPriority                     0x08000fe1   Thumb Code    60  stm32f3xx_hal_cortex.o(i.HAL_NVIC_SetPriority)
    HAL_NVIC_SetPriorityGrouping             0x08001021   Thumb Code    26  stm32f3xx_hal_cortex.o(i.HAL_NVIC_SetPriorityGrouping)
    HAL_PCD_DataInStageCallback              0x08001045   Thumb Code    18  usbd_conf.o(i.HAL_PCD_DataInStageCallback)
    HAL_PCD_DataOutStageCallback             0x08001057   Thumb Code    20  usbd_conf.o(i.HAL_PCD_DataOutStageCallback)
    HAL_PCD_EP_ClrStall                      0x0800106b   Thumb Code   176  stm32f3xx_hal_pcd.o(i.HAL_PCD_EP_ClrStall)
    HAL_PCD_EP_Open                          0x0800111b   Thumb Code   764  stm32f3xx_hal_pcd.o(i.HAL_PCD_EP_Open)
    HAL_PCD_EP_Receive                       0x08001417   Thumb Code   230  stm32f3xx_hal_pcd.o(i.HAL_PCD_EP_Receive)
    HAL_PCD_EP_SetStall                      0x080014fd   Thumb Code   138  stm32f3xx_hal_pcd.o(i.HAL_PCD_EP_SetStall)
    HAL_PCD_EP_Transmit                      0x08001587   Thumb Code   342  stm32f3xx_hal_pcd.o(i.HAL_PCD_EP_Transmit)
    HAL_PCD_IRQHandler                       0x080016dd   Thumb Code   238  stm32f3xx_hal_pcd.o(i.HAL_PCD_IRQHandler)
    HAL_PCD_ResetCallback                    0x080017cb   Thumb Code    26  usbd_conf.o(i.HAL_PCD_ResetCallback)
    HAL_PCD_ResumeCallback                   0x080017e5   Thumb Code     2  usbd_conf.o(i.HAL_PCD_ResumeCallback)
    HAL_PCD_SOFCallback                      0x080017e7   Thumb Code     8  usbd_conf.o(i.HAL_PCD_SOFCallback)
    HAL_PCD_SetAddress                       0x080017ef   Thumb Code    44  stm32f3xx_hal_pcd.o(i.HAL_PCD_SetAddress)
    HAL_PCD_SetupStageCallback               0x0800181b   Thumb Code    14  usbd_conf.o(i.HAL_PCD_SetupStageCallback)
    HAL_PCD_SuspendCallback                  0x08001829   Thumb Code     2  usbd_conf.o(i.HAL_PCD_SuspendCallback)
    HAL_RCCEx_GetPeriphCLKConfig             0x0800182d   Thumb Code   158  stm32f3xx_hal_rcc_ex.o(i.HAL_RCCEx_GetPeriphCLKConfig)
    HAL_RCCEx_PeriphCLKConfig                0x080018e9   Thumb Code   450  stm32f3xx_hal_rcc_ex.o(i.HAL_RCCEx_PeriphCLKConfig)
    HAL_RCC_ClockConfig                      0x08001ab9   Thumb Code   638  stm32f3xx_hal_rcc.o(i.HAL_RCC_ClockConfig)
    HAL_RCC_GetHCLKFreq                      0x08001d41   Thumb Code    38  stm32f3xx_hal_rcc.o(i.HAL_RCC_GetHCLKFreq)
    HAL_RCC_GetSysClockFreq                  0x08001d75   Thumb Code    84  stm32f3xx_hal_rcc_ex.o(i.HAL_RCC_GetSysClockFreq)
    HAL_RCC_OscConfig                        0x08001dd9   Thumb Code  1424  stm32f3xx_hal_rcc_ex.o(i.HAL_RCC_OscConfig)
    HAL_SPI_DeInit                           0x08002369   Thumb Code    48  stm32f3xx_hal_spi.o(i.HAL_SPI_DeInit)
    HAL_SPI_GetState                         0x08002399   Thumb Code     6  stm32f3xx_hal_spi.o(i.HAL_SPI_GetState)
    HAL_SPI_Init                             0x0800239f   Thumb Code   180  stm32f3xx_hal_spi.o(i.HAL_SPI_Init)
    HAL_SPI_MspDeInit                        0x08002453   Thumb Code     2  stm32f3xx_hal_spi.o(i.HAL_SPI_MspDeInit)
    HAL_SPI_MspInit                          0x08002455   Thumb Code     2  stm32f3xx_hal_spi.o(i.HAL_SPI_MspInit)
    HAL_SPI_TransmitReceive                  0x08002457   Thumb Code   666  stm32f3xx_hal_spi.o(i.HAL_SPI_TransmitReceive)
    HAL_SYSTICK_Config                       0x080026f1   Thumb Code    40  stm32f3xx_hal_cortex.o(i.HAL_SYSTICK_Config)
    HAL_TIMEx_BreakCallback                  0x08002719   Thumb Code     2  stm32f3xx_hal_tim_ex.o(i.HAL_TIMEx_BreakCallback)
    HAL_TIMEx_CommutationCallback            0x0800271b   Thumb Code     2  stm32f3xx_hal_tim_ex.o(i.HAL_TIMEx_CommutationCallback)
    HAL_TIM_Base_Init                        0x0800271d   Thumb Code    48  stm32f3xx_hal_tim.o(i.HAL_TIM_Base_Init)
    HAL_TIM_Base_MspInit                     0x0800274d   Thumb Code    32  main.o(i.HAL_TIM_Base_MspInit)
    HAL_TIM_Base_Start_IT                    0x08002771   Thumb Code    24  stm32f3xx_hal_tim.o(i.HAL_TIM_Base_Start_IT)
    HAL_TIM_IC_CaptureCallback               0x08002789   Thumb Code     2  stm32f3xx_hal_tim.o(i.HAL_TIM_IC_CaptureCallback)
    HAL_TIM_IRQHandler                       0x0800278b   Thumb Code   358  stm32f3xx_hal_tim.o(i.HAL_TIM_IRQHandler)
    HAL_TIM_OC_DelayElapsedCallback          0x080028f1   Thumb Code     2  stm32f3xx_hal_tim.o(i.HAL_TIM_OC_DelayElapsedCallback)
    HAL_TIM_PWM_ConfigChannel                0x080028f3   Thumb Code   296  stm32f3xx_hal_tim_ex.o(i.HAL_TIM_PWM_ConfigChannel)
    HAL_TIM_PWM_Init                         0x08002a1b   Thumb Code    48  stm32f3xx_hal_tim.o(i.HAL_TIM_PWM_Init)
    HAL_TIM_PWM_MspInit                      0x08002a4d   Thumb Code    96  stm32f3xx_hal_msp.o(i.HAL_TIM_PWM_MspInit)
    HAL_TIM_PWM_PulseFinishedCallback        0x08002ab5   Thumb Code     2  stm32f3xx_hal_tim.o(i.HAL_TIM_PWM_PulseFinishedCallback)
    HAL_TIM_PWM_Start                        0x08002ab9   Thumb Code    66  stm32f3xx_hal_tim.o(i.HAL_TIM_PWM_Start)
    HAL_TIM_PeriodElapsedCallback            0x08002b11   Thumb Code   634  selftest.o(i.HAL_TIM_PeriodElapsedCallback)
    HAL_TIM_TriggerCallback                  0x08002da5   Thumb Code     2  stm32f3xx_hal_tim.o(i.HAL_TIM_TriggerCallback)
    HardFault_Handler                        0x08002da7   Thumb Code     2  stm32f3xx_it.o(i.HardFault_Handler)
    L3GD20_DisableIT                         0x080030c5   Thumb Code    56  l3gd20.o(i.L3GD20_DisableIT)
    L3GD20_EnableIT                          0x080030fd   Thumb Code    64  l3gd20.o(i.L3GD20_EnableIT)
    L3GD20_FilterCmd                         0x0800313d   Thumb Code    40  l3gd20.o(i.L3GD20_FilterCmd)
    L3GD20_FilterConfig                      0x08003165   Thumb Code    40  l3gd20.o(i.L3GD20_FilterConfig)
    L3GD20_INT1InterruptConfig               0x0800318d   Thumb Code    82  l3gd20.o(i.L3GD20_INT1InterruptConfig)
    L3GD20_Init                              0x080031df   Thumb Code    46  l3gd20.o(i.L3GD20_Init)
    L3GD20_ReadID                            0x0800320d   Thumb Code    22  l3gd20.o(i.L3GD20_ReadID)
    L3GD20_ReadXYZAngRate                    0x08003225   Thumb Code   178  l3gd20.o(i.L3GD20_ReadXYZAngRate)
    L3GD20_RebootCmd                         0x080032e9   Thumb Code    36  l3gd20.o(i.L3GD20_RebootCmd)
    LSM303DLHC_AccClickITEnable              0x0800330d   Thumb Code    70  lsm303dlhc.o(i.LSM303DLHC_AccClickITEnable)
    LSM303DLHC_AccFilterClickCmd             0x08003353   Thumb Code    30  lsm303dlhc.o(i.LSM303DLHC_AccFilterClickCmd)
    LSM303DLHC_AccFilterCmd                  0x08003371   Thumb Code    30  lsm303dlhc.o(i.LSM303DLHC_AccFilterCmd)
    LSM303DLHC_AccFilterConfig               0x0800338f   Thumb Code    30  lsm303dlhc.o(i.LSM303DLHC_AccFilterConfig)
    LSM303DLHC_AccIT1Enable                  0x080033ad   Thumb Code    28  lsm303dlhc.o(i.LSM303DLHC_AccIT1Enable)
    LSM303DLHC_AccInit                       0x080033c9   Thumb Code    32  lsm303dlhc.o(i.LSM303DLHC_AccInit)
    LSM303DLHC_AccReadID                     0x080033e9   Thumb Code    18  lsm303dlhc.o(i.LSM303DLHC_AccReadID)
    LSM303DLHC_AccReadXYZ                    0x080033fd   Thumb Code   228  lsm303dlhc.o(i.LSM303DLHC_AccReadXYZ)
    LSM303DLHC_AccRebootCmd                  0x080034e1   Thumb Code    26  lsm303dlhc.o(i.LSM303DLHC_AccRebootCmd)
    LSM303DLHC_AccZClickITConfig             0x080034fb   Thumb Code    28  lsm303dlhc.o(i.LSM303DLHC_AccZClickITConfig)
    MemManage_Handler                        0x08003517   Thumb Code     2  stm32f3xx_it.o(i.MemManage_Handler)
    NMI_Handler                              0x08003519   Thumb Code     2  stm32f3xx_it.o(i.NMI_Handler)
    PCD_ReadPMA                              0x080038a5   Thumb Code    30  stm32f3xx_hal_pcd_ex.o(i.PCD_ReadPMA)
    PCD_WritePMA                             0x080038c3   Thumb Code    38  stm32f3xx_hal_pcd_ex.o(i.PCD_WritePMA)
    PendSV_Handler                           0x080038e9   Thumb Code     2  stm32f3xx_it.o(i.PendSV_Handler)
    SVC_Handler                              0x08003b11   Thumb Code     2  stm32f3xx_it.o(i.SVC_Handler)
    SysTick_Handler                          0x08003b13   Thumb Code     4  stm32f3xx_it.o(i.SysTick_Handler)
    SystemInit                               0x08003b6d   Thumb Code    82  system_stm32f3xx.o(i.SystemInit)
    TIM3_IRQHandler                          0x08003bd5   Thumb Code     6  main.o(i.TIM3_IRQHandler)
    TIM_Base_SetConfig                       0x08003be1   Thumb Code   138  stm32f3xx_hal_tim.o(i.TIM_Base_SetConfig)
    TIM_CCxChannelCmd                        0x08003c89   Thumb Code    22  stm32f3xx_hal_tim.o(i.TIM_CCxChannelCmd)
    TIM_OC1_SetConfig                        0x08003ca1   Thumb Code   132  stm32f3xx_hal_tim.o(i.TIM_OC1_SetConfig)
    TIM_OC2_SetConfig                        0x08003d3d   Thumb Code   120  stm32f3xx_hal_tim.o(i.TIM_OC2_SetConfig)
    TIM_OC3_SetConfig                        0x08003dcd   Thumb Code   118  stm32f3xx_hal_tim.o(i.TIM_OC3_SetConfig)
    TIM_OC4_SetConfig                        0x08003e5d   Thumb Code    92  stm32f3xx_hal_tim.o(i.TIM_OC4_SetConfig)
    USBD_ClrClassConfig                      0x08003fb1   Thumb Code    14  usbd_core.o(i.USBD_ClrClassConfig)
    USBD_CtlContinueRx                       0x08003fbf   Thumb Code    16  usbd_ioreq.o(i.USBD_CtlContinueRx)
    USBD_CtlContinueSendData                 0x08003fcf   Thumb Code    16  usbd_ioreq.o(i.USBD_CtlContinueSendData)
    USBD_CtlError                            0x08003fdf   Thumb Code    22  usbd_ctlreq.o(i.USBD_CtlError)
    USBD_CtlReceiveStatus                    0x08003ff5   Thumb Code    22  usbd_ioreq.o(i.USBD_CtlReceiveStatus)
    USBD_CtlSendData                         0x0800400b   Thumb Code    26  usbd_ioreq.o(i.USBD_CtlSendData)
    USBD_CtlSendStatus                       0x08004025   Thumb Code    22  usbd_ioreq.o(i.USBD_CtlSendStatus)
    USBD_LL_ClearStallEP                     0x0800411b   Thumb Code    14  usbd_conf.o(i.USBD_LL_ClearStallEP)
    USBD_LL_DataInStage                      0x08004129   Thumb Code   160  usbd_core.o(i.USBD_LL_DataInStage)
    USBD_LL_DataOutStage                     0x080041c9   Thumb Code   106  usbd_core.o(i.USBD_LL_DataOutStage)
    USBD_LL_IsStallEP                        0x08004233   Thumb Code    32  usbd_conf.o(i.USBD_LL_IsStallEP)
    USBD_LL_OpenEP                           0x08004253   Thumb Code    20  usbd_conf.o(i.USBD_LL_OpenEP)
    USBD_LL_PrepareReceive                   0x08004267   Thumb Code    14  usbd_conf.o(i.USBD_LL_PrepareReceive)
    USBD_LL_Reset                            0x08004275   Thumb Code    62  usbd_core.o(i.USBD_LL_Reset)
    USBD_LL_SOF                              0x080042b3   Thumb Code    24  usbd_core.o(i.USBD_LL_SOF)
    USBD_LL_SetSpeed                         0x080042cb   Thumb Code     6  usbd_core.o(i.USBD_LL_SetSpeed)
    USBD_LL_SetUSBAddress                    0x080042d1   Thumb Code    14  usbd_conf.o(i.USBD_LL_SetUSBAddress)
    USBD_LL_SetupStage                       0x080042df   Thumb Code    90  usbd_core.o(i.USBD_LL_SetupStage)
    USBD_LL_StallEP                          0x08004339   Thumb Code    14  usbd_conf.o(i.USBD_LL_StallEP)
    USBD_LL_Transmit                         0x08004347   Thumb Code    14  usbd_conf.o(i.USBD_LL_Transmit)
    USBD_ParseSetupRequest                   0x08004355   Thumb Code    40  usbd_ctlreq.o(i.USBD_ParseSetupRequest)
    USBD_SetClassConfig                      0x0800437d   Thumb Code    22  usbd_core.o(i.USBD_SetClassConfig)
    USBD_StdDevReq                           0x08004409   Thumb Code   242  usbd_ctlreq.o(i.USBD_StdDevReq)
    USBD_StdEPReq                            0x080044fb   Thumb Code   192  usbd_ctlreq.o(i.USBD_StdEPReq)
    USBD_StdItfReq                           0x080045bb   Thumb Code    52  usbd_ctlreq.o(i.USBD_StdItfReq)
    USBWakeUp_RMP_IRQHandler                 0x080045f1   Thumb Code    10  stm32f3xx_it.o(i.USBWakeUp_RMP_IRQHandler)
    USB_LP_IRQHandler                        0x08004601   Thumb Code     6  stm32f3xx_it.o(i.USB_LP_IRQHandler)
    UsageFault_Handler                       0x0800460d   Thumb Code     2  stm32f3xx_it.o(i.UsageFault_Handler)
    __hardfp_fabs                            0x0800460f   Thumb Code    20  fabs.o(i.__hardfp_fabs)
    __scatterload_copy                       0x08004623   Thumb Code    14  handlers.o(i.__scatterload_copy)
    __scatterload_null                       0x08004631   Thumb Code     2  handlers.o(i.__scatterload_null)
    __scatterload_zeroinit                   0x08004633   Thumb Code    14  handlers.o(i.__scatterload_zeroinit)
    acc_filters                              0x08004641   Thumb Code    72  selftest.o(i.acc_filters)
    g_filters                                0x08004691   Thumb Code    86  selftest.o(i.g_filters)
    is_going_to_0                            0x080046f1   Thumb Code   282  selftest.o(i.is_going_to_0)
    main                                     0x08004815   Thumb Code   334  main.o(i.main)
    quad                                     0x0800497d   Thumb Code    22  selftest.o(i.quad)
    quad_funk_is_going_to_0                  0x08004995   Thumb Code    98  selftest.o(i.quad_funk_is_going_to_0)
    sigmoid                                  0x08004a01   Thumb Code    80  selftest.o(i.sigmoid)
    stop_or_not                              0x08004a61   Thumb Code   110  selftest.o(i.stop_or_not)
    yacc_filters                             0x08004ad9   Thumb Code    90  selftest.o(i.yacc_filters)
    yg_filters                               0x08004b3d   Thumb Code    92  selftest.o(i.yg_filters)
    BUTTON_IRQn                              0x08004ba0   Data           1  stm32f3_discovery.o(.constdata)
    BUTTON_PIN                               0x08004ba2   Data           2  stm32f3_discovery.o(.constdata)
    LED_PIN                                  0x08004ba4   Data          16  stm32f3_discovery.o(.constdata)
    APBAHBPrescTable                         0x08004bb4   Data          16  stm32f3xx_hal_rcc.o(.constdata)
    PLLMULFactorTable                        0x08004bc4   Data          16  stm32f3xx_hal_rcc_ex.o(.constdata)
    PredivFactorTable                        0x08004bd4   Data          16  stm32f3xx_hal_rcc_ex.o(.constdata)
    Region$$Table$$Base                      0x08004be4   Number         0  anon$$obj.o(Region$$Table)
    Region$$Table$$Limit                     0x08004c04   Number         0  anon$$obj.o(Region$$Table)
    off                                      0x20000000   Data           4  selftest.o(.data)
    pressed                                  0x20000004   Data           4  selftest.o(.data)
    xaccL                                    0x20000008   Data           4  selftest.o(.data)
    xaccH                                    0x2000000c   Data           4  selftest.o(.data)
    yaccL                                    0x20000010   Data           4  selftest.o(.data)
    yaccH                                    0x20000014   Data           4  selftest.o(.data)
    zaccL                                    0x20000018   Data           4  selftest.o(.data)
    zaccH                                    0x2000001c   Data           4  selftest.o(.data)
    xgL                                      0x20000020   Data           4  selftest.o(.data)
    xgH                                      0x20000024   Data           4  selftest.o(.data)
    ygL                                      0x20000028   Data           4  selftest.o(.data)
    ygH                                      0x2000002c   Data           4  selftest.o(.data)
    zgL                                      0x20000030   Data           4  selftest.o(.data)
    zgH                                      0x20000034   Data           4  selftest.o(.data)
    hist_t1_sum                              0x20000038   Data           4  selftest.o(.data)
    hist1                                    0x2000003c   Data           4  selftest.o(.data)
    hist_tt1_sum                             0x20000040   Data           4  selftest.o(.data)
    xaccL_filtered                           0x20000044   Data           4  selftest.o(.data)
    m                                        0x20000048   Data           4  selftest.o(.data)
    yhist_t1_sum                             0x2000004c   Data           4  selftest.o(.data)
    yhist1                                   0x20000050   Data           4  selftest.o(.data)
    yhist_tt1_sum                            0x20000054   Data           4  selftest.o(.data)
    yxaccL_filtered                          0x20000058   Data           4  selftest.o(.data)
    ym                                       0x2000005c   Data           4  selftest.o(.data)
    g_hist_t1_sum                            0x20000060   Data           4  selftest.o(.data)
    g_hist1                                  0x20000064   Data           4  selftest.o(.data)
    g_hist_tt1_sum                           0x20000068   Data           4  selftest.o(.data)
    xgL_filtered                             0x2000006c   Data           4  selftest.o(.data)
    s                                        0x20000070   Data           4  selftest.o(.data)
    yg_hist_t1_sum                           0x20000074   Data           4  selftest.o(.data)
    yg_hist1                                 0x20000078   Data           4  selftest.o(.data)
    yg_hist_tt1_sum                          0x2000007c   Data           4  selftest.o(.data)
    yxgL_filtered                            0x20000080   Data           4  selftest.o(.data)
    ys                                       0x20000084   Data           4  selftest.o(.data)
    xaccL_filtered_before                    0x20000088   Data           4  selftest.o(.data)
    xaccL_filtered_before_before             0x2000008c   Data           4  selftest.o(.data)
    UserButtonPressed                        0x20000090   Data           1  main.o(.data)
    uhPrescalerValue                         0x20000094   Data           4  main.o(.data)
    uwPrescalerValue                         0x20000098   Data           4  main.o(.data)
    SystemCoreClock                          0x2000009c   Data           4  system_stm32f3xx.o(.data)
    AHBPrescTable                            0x200000a0   Data          16  system_stm32f3xx.o(.data)
    L3gd20Drv                                0x200000b0   Data          44  l3gd20.o(.data)
    Lsm303dlhcDrv                            0x200000dc   Data          44  lsm303dlhc.o(.data)
    BUTTON_PORT                              0x20000108   Data           4  stm32f3_discovery.o(.data)
    SpixTimeout                              0x2000010c   Data           4  stm32f3_discovery.o(.data)
    I2cxTimeout                              0x20000110   Data           4  stm32f3_discovery.o(.data)
    LED_PORT                                 0x20000114   Data          32  stm32f3_discovery.o(.data)
    hist_t1                                  0x20000144   Data         360  selftest.o(.bss)
    hist_tt1                                 0x200002ac   Data         360  selftest.o(.bss)
    yhist_t1                                 0x20000414   Data         360  selftest.o(.bss)
    yhist_tt1                                0x2000057c   Data         360  selftest.o(.bss)
    g_hist_t1                                0x200006e4   Data         360  selftest.o(.bss)
    g_hist_tt1                               0x2000084c   Data         360  selftest.o(.bss)
    yg_hist_t1                               0x200009b4   Data         360  selftest.o(.bss)
    yg_hist_tt1                              0x20000b1c   Data         360  selftest.o(.bss)
    buffer                                   0x20000c84   Data          12  selftest.o(.bss)
    Buffer                                   0x20000c90   Data          24  selftest.o(.bss)
    TimHandle                                0x20000ca8   Data          60  main.o(.bss)
    sConfig                                  0x20000ce4   Data          28  main.o(.bss)
    TimeHandle                               0x20000d00   Data          60  main.o(.bss)
    hpcd                                     0x20000d4c   Data         544  usbd_conf.o(.bss)
    __initial_sp                             0x20001408   Data           0  startup_stm32f303xc.o(STACK)



==============================================================================

Memory Map of the image

  Image Entry point : 0x08000189

  Load Region LR_IROM1 (Base: 0x08000000, Size: 0x00004d48, Max: 0x00040000, ABSOLUTE, COMPRESSED[0x00004c58])

    Execution Region ER_IROM1 (Base: 0x08000000, Size: 0x00004c04, Max: 0x00040000, ABSOLUTE)

    Base Addr    Size         Type   Attr      Idx    E Section Name        Object

    0x08000000   0x00000188   Data   RO          727    RESET               startup_stm32f303xc.o
    0x08000188   0x00000000   Code   RO         3755  * .ARM.Collect$$$$00000000  mc_w.l(entry.o)
    0x08000188   0x00000004   Code   RO         3768    .ARM.Collect$$$$00000001  mc_w.l(entry2.o)
    0x0800018c   0x00000004   Code   RO         3771    .ARM.Collect$$$$00000004  mc_w.l(entry5.o)
    0x08000190   0x00000000   Code   RO         3773    .ARM.Collect$$$$00000008  mc_w.l(entry7b.o)
    0x08000190   0x00000000   Code   RO         3775    .ARM.Collect$$$$0000000A  mc_w.l(entry8b.o)
    0x08000190   0x00000008   Code   RO         3776    .ARM.Collect$$$$0000000B  mc_w.l(entry9a.o)
    0x08000198   0x00000000   Code   RO         3778    .ARM.Collect$$$$0000000D  mc_w.l(entry10a.o)
    0x08000198   0x00000000   Code   RO         3780    .ARM.Collect$$$$0000000F  mc_w.l(entry11a.o)
    0x08000198   0x00000004   Code   RO         3769    .ARM.Collect$$$$00002712  mc_w.l(entry2.o)
    0x0800019c   0x00000024   Code   RO          728    .text               startup_stm32f303xc.o
    0x080001c0   0x0000014e   Code   RO         3758    .text               mf_w.l(dadd.o)
    0x0800030e   0x000000de   Code   RO         3760    .text               mf_w.l(ddiv.o)
    0x080003ec   0x00000022   Code   RO         3762    .text               mf_w.l(dflti.o)
    0x0800040e   0x00000002   PAD
    0x08000410   0x00000030   Code   RO         3764    .text               mf_w.l(cdcmple.o)
    0x08000440   0x00000030   Code   RO         3766    .text               mf_w.l(cdrcmple.o)
    0x08000470   0x0000001e   Code   RO         3782    .text               mc_w.l(llshl.o)
    0x0800048e   0x00000024   Code   RO         3784    .text               mc_w.l(llsshr.o)
    0x080004b2   0x00000000   Code   RO         3786    .text               mc_w.l(iusefp.o)
    0x080004b2   0x000000ba   Code   RO         3787    .text               mf_w.l(depilogue.o)
    0x0800056c   0x00000024   Code   RO         3789    .text               mc_w.l(init.o)
    0x08000590   0x00000020   Code   RO         3791    .text               mc_w.l(llushr.o)
    0x080005b0   0x00000056   Code   RO         3801    .text               mc_w.l(__dczerorl2.o)
    0x08000606   0x00000002   PAD
    0x08000608   0x00000094   Code   RO            3    i.ACCELERO_GYRO     selftest.o
    0x0800069c   0x00000014   Code   RO         1089    i.BSP_ACCELERO_GetXYZ  stm32f3_discovery_accelerometer.o
    0x080006b0   0x00000034   Code   RO         1090    i.BSP_ACCELERO_Init  stm32f3_discovery_accelerometer.o
    0x080006e4   0x00000014   Code   RO         1125    i.BSP_GYRO_GetXYZ   stm32f3_discovery_gyroscope.o
    0x080006f8   0x00000044   Code   RO         1127    i.BSP_GYRO_Init     stm32f3_discovery_gyroscope.o
    0x0800073c   0x0000006c   Code   RO          967    i.BSP_LED_Init      stm32f3_discovery.o
    0x080007a8   0x0000001c   Code   RO          968    i.BSP_LED_Off       stm32f3_discovery.o
    0x080007c4   0x0000001c   Code   RO          969    i.BSP_LED_On        stm32f3_discovery.o
    0x080007e0   0x00000018   Code   RO          971    i.BSP_PB_GetState   stm32f3_discovery.o
    0x080007f8   0x00000084   Code   RO          972    i.BSP_PB_Init       stm32f3_discovery.o
    0x0800087c   0x00000002   Code   RO          344    i.BusFault_Handler  stm32f3xx_it.o
    0x0800087e   0x00000002   PAD
    0x08000880   0x00000048   Code   RO          973    i.COMPASSACCELERO_IO_ITConfig  stm32f3_discovery.o
    0x080008c8   0x00000060   Code   RO          974    i.COMPASSACCELERO_IO_Init  stm32f3_discovery.o
    0x08000928   0x00000034   Code   RO          975    i.COMPASSACCELERO_IO_Read  stm32f3_discovery.o
    0x0800095c   0x00000030   Code   RO          976    i.COMPASSACCELERO_IO_Write  stm32f3_discovery.o
    0x0800098c   0x00000002   Code   RO          345    i.DebugMon_Handler  stm32f3xx_it.o
    0x0800098e   0x00000006   Code   RO          346    i.EXTI0_IRQHandler  stm32f3xx_it.o
    0x08000994   0x00000008   Code   RO          288    i.Error_Handler     main.o
    0x0800099c   0x0000005c   Code   RO          977    i.GYRO_IO_Init      stm32f3_discovery.o
    0x080009f8   0x00000050   Code   RO          978    i.GYRO_IO_Read      stm32f3_discovery.o
    0x08000a48   0x00000048   Code   RO          979    i.GYRO_IO_Write     stm32f3_discovery.o
    0x08000a90   0x0000001c   Code   RO          289    i.HAL_GPIO_EXTI_Callback  main.o
    0x08000aac   0x00000018   Code   RO         1499    i.HAL_GPIO_EXTI_IRQHandler  stm32f3xx_hal_gpio.o
    0x08000ac4   0x00000184   Code   RO         1500    i.HAL_GPIO_Init     stm32f3xx_hal_gpio.o
    0x08000c48   0x0000000a   Code   RO         1502    i.HAL_GPIO_ReadPin  stm32f3xx_hal_gpio.o
    0x08000c52   0x0000000a   Code   RO         1504    i.HAL_GPIO_WritePin  stm32f3xx_hal_gpio.o
    0x08000c5c   0x0000000c   Code   RO         1192    i.HAL_GetTick       stm32f3xx_hal.o
    0x08000c68   0x00000030   Code   RO         1559    i.HAL_I2C_DeInit    stm32f3xx_hal_i2c.o
    0x08000c98   0x00000006   Code   RO         1564    i.HAL_I2C_GetState  stm32f3xx_hal_i2c.o
    0x08000c9e   0x00000002   PAD
    0x08000ca0   0x000000a8   Code   RO         1565    i.HAL_I2C_Init      stm32f3xx_hal_i2c.o
    0x08000d48   0x00000114   Code   RO         1577    i.HAL_I2C_Mem_Read  stm32f3xx_hal_i2c.o
    0x08000e5c   0x00000110   Code   RO         1580    i.HAL_I2C_Mem_Write  stm32f3xx_hal_i2c.o
    0x08000f6c   0x00000002   Code   RO         1583    i.HAL_I2C_MspDeInit  stm32f3xx_hal_i2c.o
    0x08000f6e   0x00000002   Code   RO         1584    i.HAL_I2C_MspInit   stm32f3xx_hal_i2c.o
    0x08000f70   0x00000010   Code   RO         1193    i.HAL_IncTick       stm32f3xx_hal.o
    0x08000f80   0x00000024   Code   RO         1194    i.HAL_Init          stm32f3xx_hal.o
    0x08000fa4   0x00000022   Code   RO         1195    i.HAL_InitTick      stm32f3xx_hal.o
    0x08000fc6   0x00000002   Code   RO         1197    i.HAL_MspInit       stm32f3xx_hal.o
    0x08000fc8   0x00000016   Code   RO         1313    i.HAL_NVIC_EnableIRQ  stm32f3xx_hal_cortex.o
    0x08000fde   0x00000002   PAD
    0x08000fe0   0x00000040   Code   RO         1319    i.HAL_NVIC_SetPriority  stm32f3xx_hal_cortex.o
    0x08001020   0x00000024   Code   RO         1320    i.HAL_NVIC_SetPriorityGrouping  stm32f3xx_hal_cortex.o
    0x08001044   0x00000012   Code   RO          436    i.HAL_PCD_DataInStageCallback  usbd_conf.o
    0x08001056   0x00000014   Code   RO          437    i.HAL_PCD_DataOutStageCallback  usbd_conf.o
    0x0800106a   0x000000b0   Code   RO         1920    i.HAL_PCD_EP_ClrStall  stm32f3xx_hal_pcd.o
    0x0800111a   0x000002fc   Code   RO         1923    i.HAL_PCD_EP_Open   stm32f3xx_hal_pcd.o
    0x08001416   0x000000e6   Code   RO         1924    i.HAL_PCD_EP_Receive  stm32f3xx_hal_pcd.o
    0x080014fc   0x0000008a   Code   RO         1925    i.HAL_PCD_EP_SetStall  stm32f3xx_hal_pcd.o
    0x08001586   0x00000156   Code   RO         1926    i.HAL_PCD_EP_Transmit  stm32f3xx_hal_pcd.o
    0x080016dc   0x000000ee   Code   RO         1928    i.HAL_PCD_IRQHandler  stm32f3xx_hal_pcd.o
    0x080017ca   0x0000001a   Code   RO          443    i.HAL_PCD_ResetCallback  usbd_conf.o
    0x080017e4   0x00000002   Code   RO          444    i.HAL_PCD_ResumeCallback  usbd_conf.o
    0x080017e6   0x00000008   Code   RO          445    i.HAL_PCD_SOFCallback  usbd_conf.o
    0x080017ee   0x0000002c   Code   RO         1937    i.HAL_PCD_SetAddress  stm32f3xx_hal_pcd.o
    0x0800181a   0x0000000e   Code   RO          446    i.HAL_PCD_SetupStageCallback  usbd_conf.o
    0x08001828   0x00000002   Code   RO          447    i.HAL_PCD_SuspendCallback  usbd_conf.o
    0x0800182a   0x00000002   PAD
    0x0800182c   0x000000bc   Code   RO         2259    i.HAL_RCCEx_GetPeriphCLKConfig  stm32f3xx_hal_rcc_ex.o
    0x080018e8   0x000001d0   Code   RO         2260    i.HAL_RCCEx_PeriphCLKConfig  stm32f3xx_hal_rcc_ex.o
    0x08001ab8   0x00000288   Code   RO         2159    i.HAL_RCC_ClockConfig  stm32f3xx_hal_rcc.o
    0x08001d40   0x00000034   Code   RO         2164    i.HAL_RCC_GetHCLKFreq  stm32f3xx_hal_rcc.o
    0x08001d74   0x00000064   Code   RO         2262    i.HAL_RCC_GetSysClockFreq  stm32f3xx_hal_rcc_ex.o
    0x08001dd8   0x00000590   Code   RO         2263    i.HAL_RCC_OscConfig  stm32f3xx_hal_rcc_ex.o
    0x08002368   0x00000030   Code   RO         2306    i.HAL_SPI_DeInit    stm32f3xx_hal_spi.o
    0x08002398   0x00000006   Code   RO         2308    i.HAL_SPI_GetState  stm32f3xx_hal_spi.o
    0x0800239e   0x000000b4   Code   RO         2310    i.HAL_SPI_Init      stm32f3xx_hal_spi.o
    0x08002452   0x00000002   Code   RO         2311    i.HAL_SPI_MspDeInit  stm32f3xx_hal_spi.o
    0x08002454   0x00000002   Code   RO         2312    i.HAL_SPI_MspInit   stm32f3xx_hal_spi.o
    0x08002456   0x0000029a   Code   RO         2318    i.HAL_SPI_TransmitReceive  stm32f3xx_hal_spi.o
    0x080026f0   0x00000028   Code   RO         1324    i.HAL_SYSTICK_Config  stm32f3xx_hal_cortex.o
    0x08002718   0x00000002   Code   RO         3168    i.HAL_TIMEx_BreakCallback  stm32f3xx_hal_tim_ex.o
    0x0800271a   0x00000002   Code   RO         3169    i.HAL_TIMEx_CommutationCallback  stm32f3xx_hal_tim_ex.o
    0x0800271c   0x00000030   Code   RO         2551    i.HAL_TIM_Base_Init  stm32f3xx_hal_tim.o
    0x0800274c   0x00000024   Code   RO          290    i.HAL_TIM_Base_MspInit  main.o
    0x08002770   0x00000018   Code   RO         2556    i.HAL_TIM_Base_Start_IT  stm32f3xx_hal_tim.o
    0x08002788   0x00000002   Code   RO         2583    i.HAL_TIM_IC_CaptureCallback  stm32f3xx_hal_tim.o
    0x0800278a   0x00000166   Code   RO         2596    i.HAL_TIM_IRQHandler  stm32f3xx_hal_tim.o
    0x080028f0   0x00000002   Code   RO         2599    i.HAL_TIM_OC_DelayElapsedCallback  stm32f3xx_hal_tim.o
    0x080028f2   0x00000128   Code   RO         3207    i.HAL_TIM_PWM_ConfigChannel  stm32f3xx_hal_tim_ex.o
    0x08002a1a   0x00000030   Code   RO         2623    i.HAL_TIM_PWM_Init  stm32f3xx_hal_tim.o
    0x08002a4a   0x00000002   PAD
    0x08002a4c   0x00000068   Code   RO          707    i.HAL_TIM_PWM_MspInit  stm32f3xx_hal_msp.o
    0x08002ab4   0x00000002   Code   RO         2626    i.HAL_TIM_PWM_PulseFinishedCallback  stm32f3xx_hal_tim.o
    0x08002ab6   0x00000002   PAD
    0x08002ab8   0x00000058   Code   RO         2627    i.HAL_TIM_PWM_Start  stm32f3xx_hal_tim.o
    0x08002b10   0x00000294   Code   RO            4    i.HAL_TIM_PeriodElapsedCallback  selftest.o
    0x08002da4   0x00000002   Code   RO         2636    i.HAL_TIM_TriggerCallback  stm32f3xx_hal_tim.o
    0x08002da6   0x00000002   Code   RO          347    i.HardFault_Handler  stm32f3xx_it.o
    0x08002da8   0x0000009c   Code   RO         1600    i.I2C_IsAcknowledgeFailed  stm32f3xx_hal_i2c.o
    0x08002e44   0x00000064   Code   RO         1603    i.I2C_RequestMemoryRead  stm32f3xx_hal_i2c.o
    0x08002ea8   0x00000064   Code   RO         1604    i.I2C_RequestMemoryWrite  stm32f3xx_hal_i2c.o
    0x08002f0c   0x00000024   Code   RO         1607    i.I2C_TransferConfig  stm32f3xx_hal_i2c.o
    0x08002f30   0x0000006a   Code   RO         1608    i.I2C_WaitOnFlagUntilTimeout  stm32f3xx_hal_i2c.o
    0x08002f9a   0x0000004e   Code   RO         1610    i.I2C_WaitOnSTOPFlagUntilTimeout  stm32f3xx_hal_i2c.o
    0x08002fe8   0x00000052   Code   RO         1611    i.I2C_WaitOnTXISFlagUntilTimeout  stm32f3xx_hal_i2c.o
    0x0800303a   0x00000002   PAD
    0x0800303c   0x00000014   Code   RO          980    i.I2Cx_Error        stm32f3_discovery.o
    0x08003050   0x00000074   Code   RO          981    i.I2Cx_Init         stm32f3_discovery.o
    0x080030c4   0x00000038   Code   RO          764    i.L3GD20_DisableIT  l3gd20.o
    0x080030fc   0x00000040   Code   RO          765    i.L3GD20_EnableIT   l3gd20.o
    0x0800313c   0x00000028   Code   RO          766    i.L3GD20_FilterCmd  l3gd20.o
    0x08003164   0x00000028   Code   RO          767    i.L3GD20_FilterConfig  l3gd20.o
    0x0800318c   0x00000052   Code   RO          769    i.L3GD20_INT1InterruptConfig  l3gd20.o
    0x080031de   0x0000002e   Code   RO          770    i.L3GD20_Init       l3gd20.o
    0x0800320c   0x00000016   Code   RO          771    i.L3GD20_ReadID     l3gd20.o
    0x08003222   0x00000002   PAD
    0x08003224   0x000000c4   Code   RO          772    i.L3GD20_ReadXYZAngRate  l3gd20.o
    0x080032e8   0x00000024   Code   RO          773    i.L3GD20_RebootCmd  l3gd20.o
    0x0800330c   0x00000046   Code   RO          840    i.LSM303DLHC_AccClickITEnable  lsm303dlhc.o
    0x08003352   0x0000001e   Code   RO          841    i.LSM303DLHC_AccFilterClickCmd  lsm303dlhc.o
    0x08003370   0x0000001e   Code   RO          842    i.LSM303DLHC_AccFilterCmd  lsm303dlhc.o
    0x0800338e   0x0000001e   Code   RO          843    i.LSM303DLHC_AccFilterConfig  lsm303dlhc.o
    0x080033ac   0x0000001c   Code   RO          849    i.LSM303DLHC_AccIT1Enable  lsm303dlhc.o
    0x080033c8   0x00000020   Code   RO          852    i.LSM303DLHC_AccInit  lsm303dlhc.o
    0x080033e8   0x00000012   Code   RO          853    i.LSM303DLHC_AccReadID  lsm303dlhc.o
    0x080033fa   0x00000002   PAD
    0x080033fc   0x000000e4   Code   RO          854    i.LSM303DLHC_AccReadXYZ  lsm303dlhc.o
    0x080034e0   0x0000001a   Code   RO          855    i.LSM303DLHC_AccRebootCmd  lsm303dlhc.o
    0x080034fa   0x0000001c   Code   RO          856    i.LSM303DLHC_AccZClickITConfig  lsm303dlhc.o
    0x08003516   0x00000002   Code   RO          348    i.MemManage_Handler  stm32f3xx_it.o
    0x08003518   0x00000002   Code   RO          349    i.NMI_Handler       stm32f3xx_it.o
    0x0800351a   0x00000020   Code   RO         1326    i.NVIC_SetPriority  stm32f3xx_hal_cortex.o
    0x0800353a   0x00000368   Code   RO         1942    i.PCD_EP_ISR_Handler  stm32f3xx_hal_pcd.o
    0x080038a2   0x00000002   PAD
    0x080038a4   0x0000001e   Code   RO         2122    i.PCD_ReadPMA       stm32f3xx_hal_pcd_ex.o
    0x080038c2   0x00000026   Code   RO         2123    i.PCD_WritePMA      stm32f3xx_hal_pcd_ex.o
    0x080038e8   0x00000002   Code   RO          350    i.PendSV_Handler    stm32f3xx_it.o
    0x080038ea   0x00000042   Code   RO         2339    i.SPI_EndRxTxTransaction  stm32f3xx_hal_spi.o
    0x0800392c   0x0000009c   Code   RO         2346    i.SPI_WaitFifoStateUntilTimeout  stm32f3xx_hal_spi.o
    0x080039c8   0x0000008c   Code   RO         2347    i.SPI_WaitFlagStateUntilTimeout  stm32f3xx_hal_spi.o
    0x08003a54   0x00000084   Code   RO          982    i.SPIx_Init         stm32f3_discovery.o
    0x08003ad8   0x00000038   Code   RO          983    i.SPIx_WriteRead    stm32f3_discovery.o
    0x08003b10   0x00000002   Code   RO          351    i.SVC_Handler       stm32f3xx_it.o
    0x08003b12   0x00000004   Code   RO          352    i.SysTick_Handler   stm32f3xx_it.o
    0x08003b16   0x00000054   Code   RO          291    i.SystemClock_Config  main.o
    0x08003b6a   0x00000002   PAD
    0x08003b6c   0x00000068   Code   RO          735    i.SystemInit        system_stm32f3xx.o
    0x08003bd4   0x0000000c   Code   RO          292    i.TIM3_IRQHandler   main.o
    0x08003be0   0x000000a8   Code   RO         2637    i.TIM_Base_SetConfig  stm32f3xx_hal_tim.o
    0x08003c88   0x00000016   Code   RO         2638    i.TIM_CCxChannelCmd  stm32f3xx_hal_tim.o
    0x08003c9e   0x00000002   PAD
    0x08003ca0   0x0000009c   Code   RO         2643    i.TIM_OC1_SetConfig  stm32f3xx_hal_tim.o
    0x08003d3c   0x00000090   Code   RO         2644    i.TIM_OC2_SetConfig  stm32f3xx_hal_tim.o
    0x08003dcc   0x00000090   Code   RO         2645    i.TIM_OC3_SetConfig  stm32f3xx_hal_tim.o
    0x08003e5c   0x00000074   Code   RO         2646    i.TIM_OC4_SetConfig  stm32f3xx_hal_tim.o
    0x08003ed0   0x00000070   Code   RO         3209    i.TIM_OC5_SetConfig  stm32f3xx_hal_tim_ex.o
    0x08003f40   0x00000070   Code   RO         3210    i.TIM_OC6_SetConfig  stm32f3xx_hal_tim_ex.o
    0x08003fb0   0x0000000e   Code   RO         3500    i.USBD_ClrClassConfig  usbd_core.o
    0x08003fbe   0x00000010   Code   RO         3695    i.USBD_CtlContinueRx  usbd_ioreq.o
    0x08003fce   0x00000010   Code   RO         3696    i.USBD_CtlContinueSendData  usbd_ioreq.o
    0x08003fde   0x00000016   Code   RO         3634    i.USBD_CtlError     usbd_ctlreq.o
    0x08003ff4   0x00000016   Code   RO         3698    i.USBD_CtlReceiveStatus  usbd_ioreq.o
    0x0800400a   0x0000001a   Code   RO         3699    i.USBD_CtlSendData  usbd_ioreq.o
    0x08004024   0x00000016   Code   RO         3700    i.USBD_CtlSendStatus  usbd_ioreq.o
    0x0800403a   0x000000e0   Code   RO         3635    i.USBD_GetDescriptor  usbd_ctlreq.o
    0x0800411a   0x0000000e   Code   RO          448    i.USBD_LL_ClearStallEP  usbd_conf.o
    0x08004128   0x000000a0   Code   RO         3503    i.USBD_LL_DataInStage  usbd_core.o
    0x080041c8   0x0000006a   Code   RO         3504    i.USBD_LL_DataOutStage  usbd_core.o
    0x08004232   0x00000020   Code   RO          455    i.USBD_LL_IsStallEP  usbd_conf.o
    0x08004252   0x00000014   Code   RO          456    i.USBD_LL_OpenEP    usbd_conf.o
    0x08004266   0x0000000e   Code   RO          457    i.USBD_LL_PrepareReceive  usbd_conf.o
    0x08004274   0x0000003e   Code   RO         3509    i.USBD_LL_Reset     usbd_core.o
    0x080042b2   0x00000018   Code   RO         3511    i.USBD_LL_SOF       usbd_core.o
    0x080042ca   0x00000006   Code   RO         3512    i.USBD_LL_SetSpeed  usbd_core.o
    0x080042d0   0x0000000e   Code   RO          458    i.USBD_LL_SetUSBAddress  usbd_conf.o
    0x080042de   0x0000005a   Code   RO         3513    i.USBD_LL_SetupStage  usbd_core.o
    0x08004338   0x0000000e   Code   RO          459    i.USBD_LL_StallEP   usbd_conf.o
    0x08004346   0x0000000e   Code   RO          462    i.USBD_LL_Transmit  usbd_conf.o
    0x08004354   0x00000028   Code   RO         3637    i.USBD_ParseSetupRequest  usbd_ctlreq.o
    0x0800437c   0x00000016   Code   RO         3517    i.USBD_SetClassConfig  usbd_core.o
    0x08004392   0x00000002   PAD
    0x08004394   0x00000074   Code   RO         3638    i.USBD_SetConfig    usbd_ctlreq.o
    0x08004408   0x000000f2   Code   RO         3639    i.USBD_StdDevReq    usbd_ctlreq.o
    0x080044fa   0x000000c0   Code   RO         3640    i.USBD_StdEPReq     usbd_ctlreq.o
    0x080045ba   0x00000034   Code   RO         3641    i.USBD_StdItfReq    usbd_ctlreq.o
    0x080045ee   0x00000002   PAD
    0x080045f0   0x00000010   Code   RO          353    i.USBWakeUp_RMP_IRQHandler  stm32f3xx_it.o
    0x08004600   0x0000000c   Code   RO          354    i.USB_LP_IRQHandler  stm32f3xx_it.o
    0x0800460c   0x00000002   Code   RO          355    i.UsageFault_Handler  stm32f3xx_it.o
    0x0800460e   0x00000014   Code   RO         3749    i.__hardfp_fabs     m_wm.l(fabs.o)
    0x08004622   0x0000000e   Code   RO         3795    i.__scatterload_copy  mc_w.l(handlers.o)
    0x08004630   0x00000002   Code   RO         3796    i.__scatterload_null  mc_w.l(handlers.o)
    0x08004632   0x0000000e   Code   RO         3797    i.__scatterload_zeroinit  mc_w.l(handlers.o)
    0x08004640   0x00000050   Code   RO            5    i.acc_filters       selftest.o
    0x08004690   0x00000060   Code   RO            6    i.g_filters         selftest.o
    0x080046f0   0x00000124   Code   RO            7    i.is_going_to_0     selftest.o
    0x08004814   0x00000168   Code   RO          293    i.main              main.o
    0x0800497c   0x00000016   Code   RO            8    i.quad              selftest.o
    0x08004992   0x00000002   PAD
    0x08004994   0x0000006c   Code   RO            9    i.quad_funk_is_going_to_0  selftest.o
    0x08004a00   0x00000060   Code   RO           10    i.sigmoid           selftest.o
    0x08004a60   0x00000078   Code   RO           11    i.stop_or_not       selftest.o
    0x08004ad8   0x00000064   Code   RO           12    i.yacc_filters      selftest.o
    0x08004b3c   0x00000064   Code   RO           13    i.yg_filters        selftest.o
    0x08004ba0   0x00000014   Data   RO          985    .constdata          stm32f3_discovery.o
    0x08004bb4   0x00000010   Data   RO         2172    .constdata          stm32f3xx_hal_rcc.o
    0x08004bc4   0x00000020   Data   RO         2264    .constdata          stm32f3xx_hal_rcc_ex.o
    0x08004be4   0x00000020   Data   RO         3793    Region$$Table       anon$$obj.o


    Execution Region RW_IRAM1 (Base: 0x20000000, Size: 0x00001408, Max: 0x0000a000, ABSOLUTE, COMPRESSED[0x00000054])

    Base Addr    Size         Type   Attr      Idx    E Section Name        Object

    0x20000000   0x00000090   Data   RW           15    .data               selftest.o
    0x20000090   0x0000000c   Data   RW          297    .data               main.o
    0x2000009c   0x00000014   Data   RW          736    .data               system_stm32f3xx.o
    0x200000b0   0x0000002c   Data   RW          774    .data               l3gd20.o
    0x200000dc   0x0000002c   Data   RW          857    .data               lsm303dlhc.o
    0x20000108   0x0000002c   Data   RW          986    .data               stm32f3_discovery.o
    0x20000134   0x00000004   Data   RW         1092    .data               stm32f3_discovery_accelerometer.o
    0x20000138   0x00000004   Data   RW         1130    .data               stm32f3_discovery_gyroscope.o
    0x2000013c   0x00000004   Data   RW         1200    .data               stm32f3xx_hal.o
    0x20000140   0x00000001   Data   RW         3642    .data               usbd_ctlreq.o
    0x20000141   0x00000003   PAD
    0x20000144   0x00000b64   Zero   RW           14    .bss                selftest.o
    0x20000ca8   0x00000094   Zero   RW          294    .bss                main.o
    0x20000d3c   0x00000230   Zero   RW          465    .bss                usbd_conf.o
    0x20000f6c   0x00000098   Zero   RW          984    .bss                stm32f3_discovery.o
    0x20001004   0x00000004   PAD
    0x20001008   0x00000400   Zero   RW          725    STACK               startup_stm32f303xc.o


==============================================================================

Image component sizes


      Code (inc. data)   RO Data    RW Data    ZI Data      Debug   Object Name

       582         18          0         44          0       7720   l3gd20.o
       520          0          0         44          0       9174   lsm303dlhc.o
       528         40          0         12        148       4331   main.o
      1822        116          0        144       2916     345002   selftest.o
        36          8        392          0       1024        964   startup_stm32f303xc.o
      1156        160         20         44        152      13155   stm32f3_discovery.o
        72         16          0          4          0       2190   stm32f3_discovery_accelerometer.o
        88         16          0          4          0       2162   stm32f3_discovery_gyroscope.o
       100         16          0          4          0       3992   stm32f3xx_hal.o
       194         14          0          0          0      30519   stm32f3xx_hal_cortex.o
       432         38          0          0          0       4406   stm32f3xx_hal_gpio.o
      1432         26          0          0          0      13336   stm32f3xx_hal_i2c.o
       104          8          0          0          0        950   stm32f3xx_hal_msp.o
      2804          0          0          0          0       9328   stm32f3xx_hal_pcd.o
        68          0          0          0          0       2169   stm32f3xx_hal_pcd_ex.o
       700         24         16          0          0       2935   stm32f3xx_hal_rcc.o
      2176         76         32          0          0       5419   stm32f3xx_hal_rcc_ex.o
      1266          0          0          0          0       8171   stm32f3xx_hal_spi.o
      1324        150          0          0          0      12468   stm32f3xx_hal_tim.o
       524         50          0          0          0       4350   stm32f3xx_hal_tim_ex.o
        54         12          0          0          0       5792   stm32f3xx_it.o
       104         22          0         20          0       1201   system_stm32f3xx.o
       212          0          0          0        560       9229   usbd_conf.o
       484          0          0          0          0       6631   usbd_core.o
       888         30          0          1          0       7387   usbd_ctlreq.o
       102          0          0          0          0       4080   usbd_ioreq.o

    ----------------------------------------------------------------------
     17802        840        492        324       4804     517061   Object Totals
         0          0         32          0          0          0   (incl. Generated)
        30          0          0          3          4          0   (incl. Padding)

    ----------------------------------------------------------------------

      Code (inc. data)   RO Data    RW Data    ZI Data      Debug   Library Member Name

        20          0          0          0          0        124   fabs.o
        86          0          0          0          0          0   __dczerorl2.o
         0          0          0          0          0          0   entry.o
         0          0          0          0          0          0   entry10a.o
         0          0          0          0          0          0   entry11a.o
         8          4          0          0          0          0   entry2.o
         4          0          0          0          0          0   entry5.o
         0          0          0          0          0          0   entry7b.o
         0          0          0          0          0          0   entry8b.o
         8          4          0          0          0          0   entry9a.o
        30          0          0          0          0          0   handlers.o
        36          8          0          0          0         68   init.o
         0          0          0          0          0          0   iusefp.o
        30          0          0          0          0         68   llshl.o
        36          0          0          0          0         68   llsshr.o
        32          0          0          0          0         68   llushr.o
        48          0          0          0          0         68   cdcmple.o
        48          0          0          0          0         68   cdrcmple.o
       334          0          0          0          0        148   dadd.o
       222          0          0          0          0        100   ddiv.o
       186          0          0          0          0        176   depilogue.o
        34          0          0          0          0         76   dflti.o

    ----------------------------------------------------------------------
      1166         16          0          0          0       1032   Library Totals
         4          0          0          0          0          0   (incl. Padding)

    ----------------------------------------------------------------------

      Code (inc. data)   RO Data    RW Data    ZI Data      Debug   Library Name

        20          0          0          0          0        124   m_wm.l
       270         16          0          0          0        272   mc_w.l
       872          0          0          0          0        636   mf_w.l

    ----------------------------------------------------------------------
      1166         16          0          0          0       1032   Library Totals

    ----------------------------------------------------------------------

==============================================================================


      Code (inc. data)   RO Data    RW Data    ZI Data      Debug   

     18968        856        492        324       4804     500861   Grand Totals
     18968        856        492         84       4804     500861   ELF Image Totals (compressed)
     18968        856        492         84          0          0   ROM Totals

==============================================================================

    Total RO  Size (Code + RO Data)                19460 (  19.00kB)
    Total RW  Size (RW Data + ZI Data)              5128 (   5.01kB)
    Total ROM Size (Code + RO Data + RW Data)      19544 (  19.09kB)

==============================================================================

